Archive member included to satisfy reference by file (symbol)

e:/gnu arm embedded toolchain/10 2021.10/bin/../lib/gcc/arm-none-eabi/10.3.1/../../../../arm-none-eabi/lib/thumb/v7-m/nofp\libc_nano.a(lib_a-errno.o)
                              build/main.o (__errno)
e:/gnu arm embedded toolchain/10 2021.10/bin/../lib/gcc/arm-none-eabi/10.3.1/../../../../arm-none-eabi/lib/thumb/v7-m/nofp\libc_nano.a(lib_a-exit.o)
                              e:/gnu arm embedded toolchain/10 2021.10/bin/../lib/gcc/arm-none-eabi/10.3.1/../../../../arm-none-eabi/lib/thumb/v7-m/nofp/crt0.o (exit)
e:/gnu arm embedded toolchain/10 2021.10/bin/../lib/gcc/arm-none-eabi/10.3.1/../../../../arm-none-eabi/lib/thumb/v7-m/nofp\libc_nano.a(lib_a-impure.o)
                              e:/gnu arm embedded toolchain/10 2021.10/bin/../lib/gcc/arm-none-eabi/10.3.1/../../../../arm-none-eabi/lib/thumb/v7-m/nofp\libc_nano.a(lib_a-exit.o) (_global_impure_ptr)
e:/gnu arm embedded toolchain/10 2021.10/bin/../lib/gcc/arm-none-eabi/10.3.1/../../../../arm-none-eabi/lib/thumb/v7-m/nofp\libc_nano.a(lib_a-init.o)
                              e:/gnu arm embedded toolchain/10 2021.10/bin/../lib/gcc/arm-none-eabi/10.3.1/../../../../arm-none-eabi/lib/thumb/v7-m/nofp/crt0.o (__libc_init_array)
e:/gnu arm embedded toolchain/10 2021.10/bin/../lib/gcc/arm-none-eabi/10.3.1/../../../../arm-none-eabi/lib/thumb/v7-m/nofp\libc_nano.a(lib_a-memset.o)
                              e:/gnu arm embedded toolchain/10 2021.10/bin/../lib/gcc/arm-none-eabi/10.3.1/../../../../arm-none-eabi/lib/thumb/v7-m/nofp/crt0.o (memset)
e:/gnu arm embedded toolchain/10 2021.10/bin/../lib/gcc/arm-none-eabi/10.3.1/../../../../arm-none-eabi/lib/thumb/v7-m/nofp\libc_nano.a(lib_a-nano-vfprintf_float.o)
                              (_printf_float)
e:/gnu arm embedded toolchain/10 2021.10/bin/../lib/gcc/arm-none-eabi/10.3.1/../../../../arm-none-eabi/lib/thumb/v7-m/nofp\libc_nano.a(lib_a-nano-vfprintf_i.o)
                              e:/gnu arm embedded toolchain/10 2021.10/bin/../lib/gcc/arm-none-eabi/10.3.1/../../../../arm-none-eabi/lib/thumb/v7-m/nofp\libc_nano.a(lib_a-nano-vfprintf_float.o) (_printf_common)
e:/gnu arm embedded toolchain/10 2021.10/bin/../lib/gcc/arm-none-eabi/10.3.1/../../../../arm-none-eabi/lib/thumb/v7-m/nofp\libc_nano.a(lib_a-puts.o)
                              build/main.o (puts)
e:/gnu arm embedded toolchain/10 2021.10/bin/../lib/gcc/arm-none-eabi/10.3.1/../../../../arm-none-eabi/lib/thumb/v7-m/nofp\libc_nano.a(lib_a-strlen.o)
                              build/usbd_cdc_if.o (strlen)
e:/gnu arm embedded toolchain/10 2021.10/bin/../lib/gcc/arm-none-eabi/10.3.1/../../../../arm-none-eabi/lib/thumb/v7-m/nofp\libc_nano.a(lib_a-wbuf.o)
                              e:/gnu arm embedded toolchain/10 2021.10/bin/../lib/gcc/arm-none-eabi/10.3.1/../../../../arm-none-eabi/lib/thumb/v7-m/nofp\libc_nano.a(lib_a-puts.o) (__swbuf_r)
e:/gnu arm embedded toolchain/10 2021.10/bin/../lib/gcc/arm-none-eabi/10.3.1/../../../../arm-none-eabi/lib/thumb/v7-m/nofp\libc_nano.a(lib_a-wsetup.o)
                              e:/gnu arm embedded toolchain/10 2021.10/bin/../lib/gcc/arm-none-eabi/10.3.1/../../../../arm-none-eabi/lib/thumb/v7-m/nofp\libc_nano.a(lib_a-puts.o) (__swsetup_r)
e:/gnu arm embedded toolchain/10 2021.10/bin/../lib/gcc/arm-none-eabi/10.3.1/../../../../arm-none-eabi/lib/thumb/v7-m/nofp\libc_nano.a(lib_a-dtoa.o)
                              e:/gnu arm embedded toolchain/10 2021.10/bin/../lib/gcc/arm-none-eabi/10.3.1/../../../../arm-none-eabi/lib/thumb/v7-m/nofp\libc_nano.a(lib_a-nano-vfprintf_float.o) (_dtoa_r)
e:/gnu arm embedded toolchain/10 2021.10/bin/../lib/gcc/arm-none-eabi/10.3.1/../../../../arm-none-eabi/lib/thumb/v7-m/nofp\libc_nano.a(lib_a-fflush.o)
                              e:/gnu arm embedded toolchain/10 2021.10/bin/../lib/gcc/arm-none-eabi/10.3.1/../../../../arm-none-eabi/lib/thumb/v7-m/nofp\libc_nano.a(lib_a-wbuf.o) (_fflush_r)
e:/gnu arm embedded toolchain/10 2021.10/bin/../lib/gcc/arm-none-eabi/10.3.1/../../../../arm-none-eabi/lib/thumb/v7-m/nofp\libc_nano.a(lib_a-findfp.o)
                              e:/gnu arm embedded toolchain/10 2021.10/bin/../lib/gcc/arm-none-eabi/10.3.1/../../../../arm-none-eabi/lib/thumb/v7-m/nofp\libc_nano.a(lib_a-puts.o) (__sinit)
e:/gnu arm embedded toolchain/10 2021.10/bin/../lib/gcc/arm-none-eabi/10.3.1/../../../../arm-none-eabi/lib/thumb/v7-m/nofp\libc_nano.a(lib_a-fwalk.o)
                              e:/gnu arm embedded toolchain/10 2021.10/bin/../lib/gcc/arm-none-eabi/10.3.1/../../../../arm-none-eabi/lib/thumb/v7-m/nofp\libc_nano.a(lib_a-findfp.o) (_fwalk)
e:/gnu arm embedded toolchain/10 2021.10/bin/../lib/gcc/arm-none-eabi/10.3.1/../../../../arm-none-eabi/lib/thumb/v7-m/nofp\libc_nano.a(lib_a-localeconv.o)
                              e:/gnu arm embedded toolchain/10 2021.10/bin/../lib/gcc/arm-none-eabi/10.3.1/../../../../arm-none-eabi/lib/thumb/v7-m/nofp\libc_nano.a(lib_a-nano-vfprintf_float.o) (_localeconv_r)
[...]
Memory Configuration

Name             Origin             Length             Attributes
RAM              0x20000000         0x00005000         xrw
FLASH            0x08000000         0x00010000         xr
*default*        0x00000000         0xffffffff

Linker script and memory map

LOAD e:/gnu arm embedded toolchain/10 2021.10/bin/../lib/gcc/arm-none-eabi/10.3.1/thumb/v7-m/nofp/crti.o
LOAD e:/gnu arm embedded toolchain/10 2021.10/bin/../lib/gcc/arm-none-eabi/10.3.1/thumb/v7-m/nofp/crtbegin.o
LOAD e:/gnu arm embedded toolchain/10 2021.10/bin/../lib/gcc/arm-none-eabi/10.3.1/../../../../arm-none-eabi/lib/thumb/v7-m/nofp/crt0.o
LOAD build/main.o
LOAD build/stm32f1xx_it.o
LOAD build/stm32f1xx_hal_msp.o
LOAD build/stm32f1xx_hal_gpio_ex.o
LOAD build/stm32f1xx_hal_tim.o
LOAD build/stm32f1xx_hal_tim_ex.o
LOAD build/stm32f1xx_hal.o
LOAD build/stm32f1xx_hal_rcc.o
LOAD build/stm32f1xx_hal_rcc_ex.o
LOAD build/stm32f1xx_hal_gpio.o
LOAD build/stm32f1xx_hal_dma.o
LOAD build/stm32f1xx_hal_cortex.o
LOAD build/stm32f1xx_hal_pwr.o
LOAD build/stm32f1xx_hal_flash.o
LOAD build/stm32f1xx_hal_flash_ex.o
LOAD build/stm32f1xx_hal_exti.o
LOAD build/system_stm32f1xx.o
LOAD build/usb_device.o
LOAD build/usbd_desc.o
LOAD build/usbd_cdc_if.o
LOAD build/usbd_conf.o
LOAD build/stm32f1xx_hal_pcd.o
LOAD build/stm32f1xx_hal_pcd_ex.o
LOAD build/stm32f1xx_ll_usb.o
LOAD build/usbd_core.o
LOAD build/usbd_ctlreq.o
LOAD build/usbd_ioreq.o
LOAD build/usbd_cdc.o
LOAD build/startup_stm32f103xb.o
LOAD e:/gnu arm embedded toolchain/10 2021.10/bin/../lib/gcc/arm-none-eabi/10.3.1/../../../../arm-none-eabi/lib/thumb/v7-m/nofp\libc_nano.a
LOAD e:/gnu arm embedded toolchain/10 2021.10/bin/../lib/gcc/arm-none-eabi/10.3.1/../../../../arm-none-eabi/lib/thumb/v7-m/nofp\libm.a
LOAD e:/gnu arm embedded toolchain/10 2021.10/bin/../lib/gcc/arm-none-eabi/10.3.1/../../../../arm-none-eabi/lib/thumb/v7-m/nofp\libnosys.a
START GROUP
LOAD e:/gnu arm embedded toolchain/10 2021.10/bin/../lib/gcc/arm-none-eabi/10.3.1/thumb/v7-m/nofp\libgcc.a
LOAD e:/gnu arm embedded toolchain/10 2021.10/bin/../lib/gcc/arm-none-eabi/10.3.1/../../../../arm-none-eabi/lib/thumb/v7-m/nofp\libc_nano.a
END GROUP
START GROUP
LOAD e:/gnu arm embedded toolchain/10 2021.10/bin/../lib/gcc/arm-none-eabi/10.3.1/thumb/v7-m/nofp\libgcc.a
LOAD e:/gnu arm embedded toolchain/10 2021.10/bin/../lib/gcc/arm-none-eabi/10.3.1/../../../../arm-none-eabi/lib/thumb/v7-m/nofp\libc_nano.a
END GROUP
LOAD e:/gnu arm embedded toolchain/10 2021.10/bin/../lib/gcc/arm-none-eabi/10.3.1/thumb/v7-m/nofp/crtend.o
LOAD e:/gnu arm embedded toolchain/10 2021.10/bin/../lib/gcc/arm-none-eabi/10.3.1/thumb/v7-m/nofp/crtn.o
                0x20005000                _estack = 0x20005000
                0x00000200                _Min_Heap_Size = 0x200
                0x00000400                _Min_Stack_Size = 0x400

.isr_vector     0x08000000      0x10c
                0x08000000                . = ALIGN (0x4)
 *(.isr_vector)
 .isr_vector    0x08000000      0x10c build/startup_stm32f103xb.o
                0x08000000                g_pfnVectors
                0x0800010c                . = ALIGN (0x4)

.text           0x08000110     0x730c
                0x08000110                . = ALIGN (0x4)
 *(.text)
 .text          0x08000110       0x40 e:/gnu arm embedded toolchain/10 2021.10/bin/../lib/gcc/arm-none-eabi/10.3.1/thumb/v7-m/nofp/crtbegin.o
 .text          0x08000150       0x10 e:/gnu arm embedded toolchain/10 2021.10/bin/../lib/gcc/arm-none-eabi/10.3.1/../../../../arm-none-eabi/lib/thumb/v7-m/nofp\libc_nano.a(lib_a-strlen.o)
                0x08000150                strlen
 .text          0x08000160      0x378 e:/gnu arm embedded toolchain/10 2021.10/bin/../lib/gcc/arm-none-eabi/10.3.1/thumb/v7-m/nofp\libgcc.a(_arm_addsubdf3.o)
                0x08000160                __aeabi_drsub
                0x08000168                __aeabi_dsub
                0x08000168                __subdf3
                0x0800016c                __aeabi_dadd
                0x0800016c                __adddf3
                0x080003e4                __floatunsidf
                0x080003e4                __aeabi_ui2d
                0x08000404                __floatsidf
                0x08000404                __aeabi_i2d
                0x08000428                __aeabi_f2d
                0x08000428                __extendsfdf2
                0x0800046c                __floatundidf
                0x0800046c                __aeabi_ul2d
                0x0800047c                __floatdidf
                0x0800047c                __aeabi_l2d
 .text          0x080004d8      0x424 e:/gnu arm embedded toolchain/10 2021.10/bin/../lib/gcc/arm-none-eabi/10.3.1/thumb/v7-m/nofp\libgcc.a(_arm_muldivdf3.o)
                0x080004d8                __aeabi_dmul
                0x080004d8                __muldf3
                0x0800072c                __divdf3
                0x0800072c                __aeabi_ddiv
 .text          0x080008fc      0x110 e:/gnu arm embedded toolchain/10 2021.10/bin/../lib/gcc/arm-none-eabi/10.3.1/thumb/v7-m/nofp\libgcc.a(_arm_cmpdf2.o)
                0x080008fc                __gtdf2
                0x080008fc                __gedf2
                0x08000904                __ltdf2
                0x08000904                __ledf2
                0x0800090c                __nedf2
                0x0800090c                __eqdf2
                0x0800090c                __cmpdf2
                0x08000988                __aeabi_cdrcmple
                0x08000998                __aeabi_cdcmpeq
                0x08000998                __aeabi_cdcmple
                0x080009a8                __aeabi_dcmpeq
                0x080009bc                __aeabi_dcmplt
                0x080009d0                __aeabi_dcmple
                0x080009e4                __aeabi_dcmpge
                0x080009f8                __aeabi_dcmpgt
 .text          0x08000a0c       0x2c e:/gnu arm embedded toolchain/10 2021.10/bin/../lib/gcc/arm-none-eabi/10.3.1/thumb/v7-m/nofp\libgcc.a(_arm_unorddf2.o)
                0x08000a0c                __unorddf2
                0x08000a0c                __aeabi_dcmpun
 .text          0x08000a38       0x50 e:/gnu arm embedded toolchain/10 2021.10/bin/../lib/gcc/arm-none-eabi/10.3.1/thumb/v7-m/nofp\libgcc.a(_arm_fixdfsi.o)
                0x08000a38                __aeabi_d2iz
                0x08000a38                __fixdfsi
 *(.text*)
 .text.MX_GPIO_Init
                0x08000a88       0x78 build/main.o
 .text._write   0x08000b00       0x22 build/main.o
                0x08000b00                _write
 .text.Error_Handler
                0x08000b22        0x4 build/main.o
                0x08000b22                Error_Handler
 .text.SystemClock_Config
                0x08000b26       0x82 build/main.o
                0x08000b26                SystemClock_Config
 .text.main     0x08000ba8       0x48 build/main.o
                0x08000ba8                main
 .text.NMI_Handler
                0x08000bf0        0x2 build/stm32f1xx_it.o
                0x08000bf0                NMI_Handler
 .text.HardFault_Handler
                0x08000bf2        0x2 build/stm32f1xx_it.o
                0x08000bf2                HardFault_Handler
 .text.MemManage_Handler
                0x08000bf4        0x2 build/stm32f1xx_it.o
                0x08000bf4                MemManage_Handler
 .text.BusFault_Handler
                0x08000bf6        0x2 build/stm32f1xx_it.o
                0x08000bf6                BusFault_Handler
 .text.UsageFault_Handler
                0x08000bf8        0x2 build/stm32f1xx_it.o
                0x08000bf8                UsageFault_Handler
 .text.SVC_Handler
                0x08000bfa        0x2 build/stm32f1xx_it.o
                0x08000bfa                SVC_Handler
 .text.DebugMon_Handler
                0x08000bfc        0x2 build/stm32f1xx_it.o
                0x08000bfc                DebugMon_Handler
 .text.PendSV_Handler
                0x08000bfe        0x2 build/stm32f1xx_it.o
                0x08000bfe                PendSV_Handler
 .text.SysTick_Handler
                0x08000c00        0x8 build/stm32f1xx_it.o
                0x08000c00                SysTick_Handler
 .text.USB_LP_CAN1_RX0_IRQHandler
                0x08000c08       0x10 build/stm32f1xx_it.o
                0x08000c08                USB_LP_CAN1_RX0_IRQHandler
 .text.HAL_MspInit
                0x08000c18       0x44 build/stm32f1xx_hal_msp.o
                0x08000c18                HAL_MspInit
 .text.HAL_InitTick
                0x08000c5c       0x4c build/stm32f1xx_hal.o
                0x08000c5c                HAL_InitTick
 .text.HAL_Init
                0x08000ca8       0x24 build/stm32f1xx_hal.o
                0x08000ca8                HAL_Init
 .text.HAL_IncTick
                0x08000ccc       0x18 build/stm32f1xx_hal.o
                0x08000ccc                HAL_IncTick
 .text.HAL_GetTick
                0x08000ce4        0xc build/stm32f1xx_hal.o
                0x08000ce4                HAL_GetTick
 .text.HAL_Delay
                0x08000cf0       0x28 build/stm32f1xx_hal.o
                0x08000cf0                HAL_Delay
 .text.RCC_Delay
                0x08000d18       0x2c build/stm32f1xx_hal_rcc.o
 .text.HAL_RCC_OscConfig
                0x08000d44      0x410 build/stm32f1xx_hal_rcc.o
                0x08000d44                HAL_RCC_OscConfig
 .text.HAL_RCC_GetSysClockFreq
                0x08001154       0x70 build/stm32f1xx_hal_rcc.o
                0x08001154                HAL_RCC_GetSysClockFreq
 .text.HAL_RCC_ClockConfig
                0x080011c4      0x16c build/stm32f1xx_hal_rcc.o
                0x080011c4                HAL_RCC_ClockConfig
 .text.HAL_RCCEx_PeriphCLKConfig
                0x08001330      0x118 build/stm32f1xx_hal_rcc_ex.o
                0x08001330                HAL_RCCEx_PeriphCLKConfig
 .text.HAL_GPIO_Init
                0x08001448      0x224 build/stm32f1xx_hal_gpio.o
                0x08001448                HAL_GPIO_Init
 .text.HAL_GPIO_WritePin
                0x0800166c        0xc build/stm32f1xx_hal_gpio.o
                0x0800166c                HAL_GPIO_WritePin
 .text.HAL_GPIO_TogglePin
                0x08001678       0x12 build/stm32f1xx_hal_gpio.o
                0x08001678                HAL_GPIO_TogglePin
 *fill*         0x0800168a        0x2 
 .text.HAL_NVIC_SetPriorityGrouping
                0x0800168c       0x24 build/stm32f1xx_hal_cortex.o
                0x0800168c                HAL_NVIC_SetPriorityGrouping
 .text.HAL_NVIC_SetPriority
                0x080016b0       0x70 build/stm32f1xx_hal_cortex.o
                0x080016b0                HAL_NVIC_SetPriority
 .text.HAL_NVIC_EnableIRQ
                0x08001720       0x1c build/stm32f1xx_hal_cortex.o
                0x08001720                HAL_NVIC_EnableIRQ
 .text.HAL_SYSTICK_Config
                0x0800173c       0x28 build/stm32f1xx_hal_cortex.o
                0x0800173c                HAL_SYSTICK_Config
 .text.SystemInit
                0x08001764        0x2 build/system_stm32f1xx.o
                0x08001764                SystemInit
 *fill*         0x08001766        0x2 
 .text.MX_USB_DEVICE_Init
                0x08001768       0x54 build/usb_device.o
                0x08001768                MX_USB_DEVICE_Init
 .text.USBD_FS_DeviceDescriptor
                0x080017bc        0xc build/usbd_desc.o
                0x080017bc                USBD_FS_DeviceDescriptor
 .text.USBD_FS_LangIDStrDescriptor
                0x080017c8        0xc build/usbd_desc.o
                0x080017c8                USBD_FS_LangIDStrDescriptor
 .text.IntToUnicode
                0x080017d4       0x46 build/usbd_desc.o
 *fill*         0x0800181a        0x2 
 .text.Get_SerialNum
                0x0800181c       0x38 build/usbd_desc.o
 .text.USBD_FS_SerialStrDescriptor
                0x08001854       0x14 build/usbd_desc.o
                0x08001854                USBD_FS_SerialStrDescriptor
 .text.USBD_FS_ProductStrDescriptor
                0x08001868       0x24 build/usbd_desc.o
                0x08001868                USBD_FS_ProductStrDescriptor
 .text.USBD_FS_ManufacturerStrDescriptor
                0x0800188c       0x1c build/usbd_desc.o
                0x0800188c                USBD_FS_ManufacturerStrDescriptor
 .text.USBD_FS_ConfigStrDescriptor
                0x080018a8       0x24 build/usbd_desc.o
                0x080018a8                USBD_FS_ConfigStrDescriptor
 .text.USBD_FS_InterfaceStrDescriptor
                0x080018cc       0x24 build/usbd_desc.o
                0x080018cc                USBD_FS_InterfaceStrDescriptor
 .text.CDC_DeInit_FS
                0x080018f0        0x4 build/usbd_cdc_if.o
 .text.CDC_Control_FS
                0x080018f4        0x4 build/usbd_cdc_if.o
 .text.CDC_Init_FS
                0x080018f8       0x28 build/usbd_cdc_if.o
 .text.CDC_Transmit_FS
                0x08001920       0x2c build/usbd_cdc_if.o
                0x08001920                CDC_Transmit_FS
 .text.CDC_Receive_FS
                0x0800194c       0x40 build/usbd_cdc_if.o
 .text.USBD_Get_USB_Status
                0x0800198c       0x14 build/usbd_conf.o
 .text.HAL_PCD_MspInit
                0x080019a0       0x40 build/usbd_conf.o
                0x080019a0                HAL_PCD_MspInit
 .text.HAL_PCD_SetupStageCallback
                0x080019e0       0x10 build/usbd_conf.o
                0x080019e0                HAL_PCD_SetupStageCallback
 .text.HAL_PCD_DataOutStageCallback
                0x080019f0       0x18 build/usbd_conf.o
                0x080019f0                HAL_PCD_DataOutStageCallback
 .text.HAL_PCD_DataInStageCallback
                0x08001a08       0x16 build/usbd_conf.o
                0x08001a08                HAL_PCD_DataInStageCallback
 .text.HAL_PCD_SOFCallback
                0x08001a1e        0xc build/usbd_conf.o
                0x08001a1e                HAL_PCD_SOFCallback
 .text.HAL_PCD_ResetCallback
                0x08001a2a       0x24 build/usbd_conf.o
                0x08001a2a                HAL_PCD_ResetCallback
 *fill*         0x08001a4e        0x2 
 .text.HAL_PCD_SuspendCallback
                0x08001a50       0x20 build/usbd_conf.o
                0x08001a50                HAL_PCD_SuspendCallback
 .text.HAL_PCD_ResumeCallback
                0x08001a70        0xc build/usbd_conf.o
                0x08001a70                HAL_PCD_ResumeCallback
 .text.USBD_LL_Init
                0x08001a7c       0x84 build/usbd_conf.o
                0x08001a7c                USBD_LL_Init
 .text.USBD_LL_Start
                0x08001b00       0x10 build/usbd_conf.o
                0x08001b00                USBD_LL_Start
 .text.USBD_LL_OpenEP
                0x08001b10       0x16 build/usbd_conf.o
                0x08001b10                USBD_LL_OpenEP
 .text.USBD_LL_CloseEP
                0x08001b26       0x10 build/usbd_conf.o
                0x08001b26                USBD_LL_CloseEP
 .text.USBD_LL_StallEP
                0x08001b36       0x10 build/usbd_conf.o
                0x08001b36                USBD_LL_StallEP
 .text.USBD_LL_ClearStallEP
                0x08001b46       0x10 build/usbd_conf.o
                0x08001b46                USBD_LL_ClearStallEP
 .text.USBD_LL_IsStallEP
                0x08001b56       0x2e build/usbd_conf.o
                0x08001b56                USBD_LL_IsStallEP
 .text.USBD_LL_SetUSBAddress
                0x08001b84       0x10 build/usbd_conf.o
                0x08001b84                USBD_LL_SetUSBAddress
 .text.USBD_LL_Transmit
                0x08001b94       0x10 build/usbd_conf.o
                0x08001b94                USBD_LL_Transmit
 .text.USBD_LL_PrepareReceive
                0x08001ba4       0x10 build/usbd_conf.o
                0x08001ba4                USBD_LL_PrepareReceive
 .text.USBD_LL_GetRxDataSize
                0x08001bb4        0xc build/usbd_conf.o
                0x08001bb4                USBD_LL_GetRxDataSize
 .text.USBD_static_malloc
                0x08001bc0        0x8 build/usbd_conf.o
                0x08001bc0                USBD_static_malloc
 .text.USBD_static_free
                0x08001bc8        0x2 build/usbd_conf.o
                0x08001bc8                USBD_static_free
 .text.HAL_PCDEx_SetConnectionState
                0x08001bca        0x2 build/usbd_conf.o
                0x08001bca                HAL_PCDEx_SetConnectionState
 .text.HAL_PCD_EP_DB_Receive
                0x08001bcc      0x11c build/stm32f1xx_hal_pcd.o
 .text.HAL_PCD_Init
                0x08001ce8      0x118 build/stm32f1xx_hal_pcd.o
                0x08001ce8                HAL_PCD_Init
 .text.HAL_PCD_Start
                0x08001e00       0x32 build/stm32f1xx_hal_pcd.o
                0x08001e00                HAL_PCD_Start
 .text.HAL_PCD_EP_DB_Transmit
                0x08001e32      0x420 build/stm32f1xx_hal_pcd.o
 .text.PCD_EP_ISR_Handler
                0x08002252      0x438 build/stm32f1xx_hal_pcd.o
 .text.HAL_PCD_SetAddress
                0x0800268a       0x28 build/stm32f1xx_hal_pcd.o
                0x0800268a                HAL_PCD_SetAddress
 .text.HAL_PCD_IRQHandler
                0x080026b2      0x1d4 build/stm32f1xx_hal_pcd.o
                0x080026b2                HAL_PCD_IRQHandler
 .text.HAL_PCD_EP_Open
                0x08002886       0x84 build/stm32f1xx_hal_pcd.o
                0x08002886                HAL_PCD_EP_Open
 .text.HAL_PCD_EP_Close
                0x0800290a       0x64 build/stm32f1xx_hal_pcd.o
                0x0800290a                HAL_PCD_EP_Close
 .text.HAL_PCD_EP_Receive
                0x0800296e       0x44 build/stm32f1xx_hal_pcd.o
                0x0800296e                HAL_PCD_EP_Receive
 .text.HAL_PCD_EP_GetRxCount
                0x080029b2       0x12 build/stm32f1xx_hal_pcd.o
                0x080029b2                HAL_PCD_EP_GetRxCount
 .text.HAL_PCD_EP_Transmit
                0x080029c4       0x50 build/stm32f1xx_hal_pcd.o
                0x080029c4                HAL_PCD_EP_Transmit
 .text.HAL_PCD_EP_SetStall
                0x08002a14       0x78 build/stm32f1xx_hal_pcd.o
                0x08002a14                HAL_PCD_EP_SetStall
 .text.HAL_PCD_EP_ClrStall
                0x08002a8c       0x76 build/stm32f1xx_hal_pcd.o
                0x08002a8c                HAL_PCD_EP_ClrStall
 .text.HAL_PCDEx_PMAConfig
                0x08002b02       0x38 build/stm32f1xx_hal_pcd_ex.o
                0x08002b02                HAL_PCDEx_PMAConfig
 .text.USB_CoreInit
                0x08002b3a        0xe build/stm32f1xx_ll_usb.o
                0x08002b3a                USB_CoreInit
 .text.USB_EnableGlobalInt
                0x08002b48       0x12 build/stm32f1xx_ll_usb.o
                0x08002b48                USB_EnableGlobalInt
 .text.USB_DisableGlobalInt
                0x08002b5a       0x14 build/stm32f1xx_ll_usb.o
                0x08002b5a                USB_DisableGlobalInt
 .text.USB_SetCurrentMode
                0x08002b6e        0x4 build/stm32f1xx_ll_usb.o
                0x08002b6e                USB_SetCurrentMode
 .text.USB_DevInit
                0x08002b72       0x22 build/stm32f1xx_ll_usb.o
                0x08002b72                USB_DevInit
 .text.USB_ActivateEndpoint
                0x08002b94      0x378 build/stm32f1xx_ll_usb.o
                0x08002b94                USB_ActivateEndpoint
 .text.USB_DeactivateEndpoint
                0x08002f0c      0x1d6 build/stm32f1xx_ll_usb.o
                0x08002f0c                USB_DeactivateEndpoint
 .text.USB_EPSetStall
                0x080030e2       0x4a build/stm32f1xx_ll_usb.o
                0x080030e2                USB_EPSetStall
 .text.USB_EPClearStall
                0x0800312c       0xa2 build/stm32f1xx_ll_usb.o
                0x0800312c                USB_EPClearStall
 .text.USB_SetDevAddress
                0x080031ce        0xc build/stm32f1xx_ll_usb.o
                0x080031ce                USB_SetDevAddress
 .text.USB_DevConnect
                0x080031da        0x4 build/stm32f1xx_ll_usb.o
                0x080031da                USB_DevConnect
 .text.USB_DevDisconnect
                0x080031de        0x4 build/stm32f1xx_ll_usb.o
                0x080031de                USB_DevDisconnect
 .text.USB_ReadInterrupts
                0x080031e2        0x8 build/stm32f1xx_ll_usb.o
                0x080031e2                USB_ReadInterrupts
 .text.USB_EP0_OutStart
                0x080031ea        0x4 build/stm32f1xx_ll_usb.o
                0x080031ea                USB_EP0_OutStart
 .text.USB_WritePMA
                0x080031ee       0x28 build/stm32f1xx_ll_usb.o
                0x080031ee                USB_WritePMA
 .text.USB_EPStartXfer
                0x08003216      0x8b2 build/stm32f1xx_ll_usb.o
                0x08003216                USB_EPStartXfer
 .text.USB_ReadPMA
                0x08003ac8       0x30 build/stm32f1xx_ll_usb.o
                0x08003ac8                USB_ReadPMA
 .text.USBD_Init
                0x08003af8       0x2e build/usbd_core.o
                0x08003af8                USBD_Init
 .text.USBD_RegisterClass
                0x08003b26        0xe build/usbd_core.o
                0x08003b26                USBD_RegisterClass
 .text.USBD_Start
                0x08003b34        0xa build/usbd_core.o
                0x08003b34                USBD_Start
 .text.USBD_SetClassConfig
                0x08003b3e       0x18 build/usbd_core.o
                0x08003b3e                USBD_SetClassConfig
 .text.USBD_ClrClassConfig
                0x08003b56        0xe build/usbd_core.o
                0x08003b56                USBD_ClrClassConfig
 .text.USBD_LL_SetupStage
                0x08003b64       0x5a build/usbd_core.o
                0x08003b64                USBD_LL_SetupStage
 .text.USBD_LL_DataOutStage
                0x08003bbe       0x8c build/usbd_core.o
                0x08003bbe                USBD_LL_DataOutStage
 .text.USBD_LL_DataInStage
                0x08003c4a       0xd0 build/usbd_core.o
                0x08003c4a                USBD_LL_DataInStage
 .text.USBD_LL_Reset
                0x08003d1a       0x50 build/usbd_core.o
                0x08003d1a                USBD_LL_Reset
 .text.USBD_LL_SetSpeed
                0x08003d6a        0x6 build/usbd_core.o
                0x08003d6a                USBD_LL_SetSpeed
 .text.USBD_LL_Suspend
                0x08003d70       0x12 build/usbd_core.o
                0x08003d70                USBD_LL_Suspend
 .text.USBD_LL_Resume
                0x08003d82       0x16 build/usbd_core.o
                0x08003d82                USBD_LL_Resume
 .text.USBD_LL_SOF
                0x08003d98       0x1c build/usbd_core.o
                0x08003d98                USBD_LL_SOF
 .text.USBD_GetLen
                0x08003db4       0x14 build/usbd_ctlreq.o
 .text.USBD_SetFeature
                0x08003dc8       0x14 build/usbd_ctlreq.o
 .text.USBD_ParseSetupRequest
                0x08003ddc       0x28 build/usbd_ctlreq.o
                0x08003ddc                USBD_ParseSetupRequest
 .text.USBD_CtlError
                0x08003e04       0x14 build/usbd_ctlreq.o
                0x08003e04                USBD_CtlError
 .text.USBD_GetDescriptor
                0x08003e18      0x186 build/usbd_ctlreq.o
 .text.USBD_SetAddress
                0x08003f9e       0x4e build/usbd_ctlreq.o
 .text.USBD_SetConfig
                0x08003fec       0xb0 build/usbd_ctlreq.o
 .text.USBD_GetConfig
                0x0800409c       0x3e build/usbd_ctlreq.o
 .text.USBD_GetStatus
                0x080040da       0x38 build/usbd_ctlreq.o
 .text.USBD_ClrFeature
                0x08004112       0x26 build/usbd_ctlreq.o
 .text.USBD_StdDevReq
                0x08004138       0x68 build/usbd_ctlreq.o
                0x08004138                USBD_StdDevReq
 .text.USBD_StdItfReq
                0x080041a0       0x60 build/usbd_ctlreq.o
                0x080041a0                USBD_StdItfReq
 .text.USBD_StdEPReq
                0x08004200      0x1e2 build/usbd_ctlreq.o
                0x08004200                USBD_StdEPReq
 .text.USBD_GetString
                0x080043e2       0x3a build/usbd_ctlreq.o
                0x080043e2                USBD_GetString
 .text.USBD_CtlSendData
                0x0800441c       0x1a build/usbd_ioreq.o
                0x0800441c                USBD_CtlSendData
 .text.USBD_CtlContinueSendData
                0x08004436       0x10 build/usbd_ioreq.o
                0x08004436                USBD_CtlContinueSendData
 .text.USBD_CtlPrepareRx
                0x08004446       0x1e build/usbd_ioreq.o
                0x08004446                USBD_CtlPrepareRx
 .text.USBD_CtlContinueRx
                0x08004464       0x10 build/usbd_ioreq.o
                0x08004464                USBD_CtlContinueRx
 .text.USBD_CtlSendStatus
                0x08004474       0x16 build/usbd_ioreq.o
                0x08004474                USBD_CtlSendStatus
 .text.USBD_CtlReceiveStatus
                0x0800448a       0x16 build/usbd_ioreq.o
                0x0800448a                USBD_CtlReceiveStatus
 .text.USBD_CDC_EP0_RxReady
                0x080044a0       0x28 build/usbd_cdc.o
 .text.USBD_CDC_GetFSCfgDesc
                0x080044c8        0xc build/usbd_cdc.o
 .text.USBD_CDC_GetHSCfgDesc
                0x080044d4        0xc build/usbd_cdc.o
 .text.USBD_CDC_GetOtherSpeedCfgDesc
                0x080044e0        0xc build/usbd_cdc.o
 .text.USBD_CDC_GetDeviceQualifierDescriptor
                0x080044ec        0xc build/usbd_cdc.o
                0x080044ec                USBD_CDC_GetDeviceQualifierDescriptor
 .text.USBD_CDC_DataOut
                0x080044f8       0x2e build/usbd_cdc.o
 .text.USBD_CDC_DataIn
                0x08004526       0x4e build/usbd_cdc.o
 .text.USBD_CDC_Setup
                0x08004574       0xd6 build/usbd_cdc.o
 .text.USBD_CDC_DeInit
                0x0800464a       0x42 build/usbd_cdc.o
 .text.USBD_CDC_Init
                0x0800468c       0xaa build/usbd_cdc.o
 .text.USBD_CDC_RegisterInterface
                0x08004736        0xe build/usbd_cdc.o
                0x08004736                USBD_CDC_RegisterInterface
 .text.USBD_CDC_SetTxBuffer
                0x08004744       0x10 build/usbd_cdc.o
                0x08004744                USBD_CDC_SetTxBuffer
 .text.USBD_CDC_SetRxBuffer
                0x08004754        0xc build/usbd_cdc.o
                0x08004754                USBD_CDC_SetRxBuffer
 .text.USBD_CDC_TransmitPacket
                0x08004760       0x34 build/usbd_cdc.o
                0x08004760                USBD_CDC_TransmitPacket
 .text.USBD_CDC_ReceivePacket
                0x08004794       0x30 build/usbd_cdc.o
                0x08004794                USBD_CDC_ReceivePacket
 .text.Reset_Handler
                0x080047c4       0x48 build/startup_stm32f103xb.o
                0x080047c4                Reset_Handler
 .text.Default_Handler
                0x0800480c        0x2 build/startup_stm32f103xb.o
                0x0800480c                RTC_Alarm_IRQHandler
                0x0800480c                EXTI2_IRQHandler
                0x0800480c                TIM1_CC_IRQHandler
                0x0800480c                PVD_IRQHandler
                0x0800480c                EXTI3_IRQHandler
                0x0800480c                EXTI0_IRQHandler
                0x0800480c                I2C2_EV_IRQHandler
                0x0800480c                ADC1_2_IRQHandler
                0x0800480c                SPI1_IRQHandler
                0x0800480c                TAMPER_IRQHandler
                0x0800480c                DMA1_Channel4_IRQHandler
                0x0800480c                USART3_IRQHandler
                0x0800480c                RTC_IRQHandler
                0x0800480c                DMA1_Channel7_IRQHandler
                0x0800480c                CAN1_RX1_IRQHandler
                0x0800480c                TIM4_IRQHandler
                0x0800480c                I2C1_EV_IRQHandler
                0x0800480c                DMA1_Channel6_IRQHandler
                0x0800480c                TIM3_IRQHandler
                0x0800480c                RCC_IRQHandler
                0x0800480c                TIM1_TRG_COM_IRQHandler
                0x0800480c                DMA1_Channel1_IRQHandler
                0x0800480c                Default_Handler
                0x0800480c                EXTI15_10_IRQHandler
                0x0800480c                EXTI9_5_IRQHandler
                0x0800480c                SPI2_IRQHandler
                0x0800480c                DMA1_Channel5_IRQHandler
                0x0800480c                EXTI4_IRQHandler
                0x0800480c                USB_HP_CAN1_TX_IRQHandler
                0x0800480c                DMA1_Channel3_IRQHandler
                0x0800480c                TIM1_UP_IRQHandler
                0x0800480c                WWDG_IRQHandler
                0x0800480c                TIM2_IRQHandler
                0x0800480c                TIM1_BRK_IRQHandler
                0x0800480c                EXTI1_IRQHandler
                0x0800480c                USART2_IRQHandler
                0x0800480c                I2C2_ER_IRQHandler
                0x0800480c                DMA1_Channel2_IRQHandler
                0x0800480c                CAN1_SCE_IRQHandler
                0x0800480c                FLASH_IRQHandler
                0x0800480c                USART1_IRQHandler
                0x0800480c                I2C1_ER_IRQHandler
                0x0800480c                USBWakeUp_IRQHandler
 *fill*         0x0800480e        0x2 
 .text.__errno  0x08004810        0xc e:/gnu arm embedded toolchain/10 2021.10/bin/../lib/gcc/arm-none-eabi/10.3.1/../../../../arm-none-eabi/lib/thumb/v7-m/nofp\libc_nano.a(lib_a-errno.o)
                0x08004810                __errno
 .text.__libc_init_array
                0x0800481c       0x48 e:/gnu arm embedded toolchain/10 2021.10/bin/../lib/gcc/arm-none-eabi/10.3.1/../../../../arm-none-eabi/lib/thumb/v7-m/nofp\libc_nano.a(lib_a-init.o)
                0x0800481c                __libc_init_array
 .text.memset   0x08004864       0x10 e:/gnu arm embedded toolchain/10 2021.10/bin/../lib/gcc/arm-none-eabi/10.3.1/../../../../arm-none-eabi/lib/thumb/v7-m/nofp\libc_nano.a(lib_a-memset.o)
                0x08004864                memset
 .text.__cvt    0x08004874       0xbe e:/gnu arm embedded toolchain/10 2021.10/bin/../lib/gcc/arm-none-eabi/10.3.1/../../../../arm-none-eabi/lib/thumb/v7-m/nofp\libc_nano.a(lib_a-nano-vfprintf_float.o)
                0x08004874                __cvt
 .text.__exponent
                0x08004932       0x7c e:/gnu arm embedded toolchain/10 2021.10/bin/../lib/gcc/arm-none-eabi/10.3.1/../../../../arm-none-eabi/lib/thumb/v7-m/nofp\libc_nano.a(lib_a-nano-vfprintf_float.o)
                0x08004932                __exponent
 *fill*         0x080049ae        0x2 
 .text._printf_float
                0x080049b0      0x458 e:/gnu arm embedded toolchain/10 2021.10/bin/../lib/gcc/arm-none-eabi/10.3.1/../../../../arm-none-eabi/lib/thumb/v7-m/nofp\libc_nano.a(lib_a-nano-vfprintf_float.o)
                0x080049b0                _printf_float
 .text._printf_common
                0x08004e08       0xde e:/gnu arm embedded toolchain/10 2021.10/bin/../lib/gcc/arm-none-eabi/10.3.1/../../../../arm-none-eabi/lib/thumb/v7-m/nofp\libc_nano.a(lib_a-nano-vfprintf_i.o)
                0x08004e08                _printf_common
 *fill*         0x08004ee6        0x2 
 .text._printf_i
                0x08004ee8      0x24c e:/gnu arm embedded toolchain/10 2021.10/bin/../lib/gcc/arm-none-eabi/10.3.1/../../../../arm-none-eabi/lib/thumb/v7-m/nofp\libc_nano.a(lib_a-nano-vfprintf_i.o)
                0x08004ee8                _printf_i
 .text._puts_r  0x08005134       0xdc e:/gnu arm embedded toolchain/10 2021.10/bin/../lib/gcc/arm-none-eabi/10.3.1/../../../../arm-none-eabi/lib/thumb/v7-m/nofp\libc_nano.a(lib_a-puts.o)
                0x08005134                _puts_r
 .text.puts     0x08005210       0x10 e:/gnu arm embedded toolchain/10 2021.10/bin/../lib/gcc/arm-none-eabi/10.3.1/../../../../arm-none-eabi/lib/thumb/v7-m/nofp\libc_nano.a(lib_a-puts.o)
                0x08005210                puts
 .text.__swbuf_r
                0x08005220       0xa4 e:/gnu arm embedded toolchain/10 2021.10/bin/../lib/gcc/arm-none-eabi/10.3.1/../../../../arm-none-eabi/lib/thumb/v7-m/nofp\libc_nano.a(lib_a-wbuf.o)
                0x08005220                __swbuf_r
 .text.__swsetup_r
                0x080052c4       0xdc e:/gnu arm embedded toolchain/10 2021.10/bin/../lib/gcc/arm-none-eabi/10.3.1/../../../../arm-none-eabi/lib/thumb/v7-m/nofp\libc_nano.a(lib_a-wsetup.o)
                0x080052c4                __swsetup_r
 .text.quorem   0x080053a0      0x118 e:/gnu arm embedded toolchain/10 2021.10/bin/../lib/gcc/arm-none-eabi/10.3.1/../../../../arm-none-eabi/lib/thumb/v7-m/nofp\libc_nano.a(lib_a-dtoa.o)
 .text._dtoa_r  0x080054b8      0xbdc e:/gnu arm embedded toolchain/10 2021.10/bin/../lib/gcc/arm-none-eabi/10.3.1/../../../../arm-none-eabi/lib/thumb/v7-m/nofp\libc_nano.a(lib_a-dtoa.o)
                0x080054b8                _dtoa_r
 .text.__sflush_r
                0x08006094      0x104 e:/gnu arm embedded toolchain/10 2021.10/bin/../lib/gcc/arm-none-eabi/10.3.1/../../../../arm-none-eabi/lib/thumb/v7-m/nofp\libc_nano.a(lib_a-fflush.o)
                0x08006094                __sflush_r
 .text._fflush_r
                0x08006198       0x78 e:/gnu arm embedded toolchain/10 2021.10/bin/../lib/gcc/arm-none-eabi/10.3.1/../../../../arm-none-eabi/lib/thumb/v7-m/nofp\libc_nano.a(lib_a-fflush.o)
                0x08006198                _fflush_r
 .text.std      0x08006210       0x48 e:/gnu arm embedded toolchain/10 2021.10/bin/../lib/gcc/arm-none-eabi/10.3.1/../../../../arm-none-eabi/lib/thumb/v7-m/nofp\libc_nano.a(lib_a-findfp.o)
 .text._cleanup_r
                0x08006258        0xc e:/gnu arm embedded toolchain/10 2021.10/bin/../lib/gcc/arm-none-eabi/10.3.1/../../../../arm-none-eabi/lib/thumb/v7-m/nofp\libc_nano.a(lib_a-findfp.o)
                0x08006258                _cleanup_r
 .text.__sfmoreglue
                0x08006264       0x2c e:/gnu arm embedded toolchain/10 2021.10/bin/../lib/gcc/arm-none-eabi/10.3.1/../../../../arm-none-eabi/lib/thumb/v7-m/nofp\libc_nano.a(lib_a-findfp.o)
                0x08006264                __sfmoreglue
 .text.__sfp_lock_acquire
                0x08006290        0xc e:/gnu arm embedded toolchain/10 2021.10/bin/../lib/gcc/arm-none-eabi/10.3.1/../../../../arm-none-eabi/lib/thumb/v7-m/nofp\libc_nano.a(lib_a-findfp.o)
                0x08006290                __sfp_lock_acquire
 .text.__sfp_lock_release
                0x0800629c        0xc e:/gnu arm embedded toolchain/10 2021.10/bin/../lib/gcc/arm-none-eabi/10.3.1/../../../../arm-none-eabi/lib/thumb/v7-m/nofp\libc_nano.a(lib_a-findfp.o)
                0x0800629c                __sfp_lock_release
 .text.__sinit_lock_acquire
                0x080062a8        0xc e:/gnu arm embedded toolchain/10 2021.10/bin/../lib/gcc/arm-none-eabi/10.3.1/../../../../arm-none-eabi/lib/thumb/v7-m/nofp\libc_nano.a(lib_a-findfp.o)
                0x080062a8                __sinit_lock_acquire
 .text.__sinit_lock_release
                0x080062b4        0xc e:/gnu arm embedded toolchain/10 2021.10/bin/../lib/gcc/arm-none-eabi/10.3.1/../../../../arm-none-eabi/lib/thumb/v7-m/nofp\libc_nano.a(lib_a-findfp.o)
                0x080062b4                __sinit_lock_release
 .text.__sinit  0x080062c0       0x70 e:/gnu arm embedded toolchain/10 2021.10/bin/../lib/gcc/arm-none-eabi/10.3.1/../../../../arm-none-eabi/lib/thumb/v7-m/nofp\libc_nano.a(lib_a-findfp.o)
                0x080062c0                __sinit
 .text.__sfp    0x08006330       0x8c e:/gnu arm embedded toolchain/10 2021.10/bin/../lib/gcc/arm-none-eabi/10.3.1/../../../../arm-none-eabi/lib/thumb/v7-m/nofp\libc_nano.a(lib_a-findfp.o)
                0x08006330                __sfp
 .text._fwalk_reent
                0x080063bc       0x3e e:/gnu arm embedded toolchain/10 2021.10/bin/../lib/gcc/arm-none-eabi/10.3.1/../../../../arm-none-eabi/lib/thumb/v7-m/nofp\libc_nano.a(lib_a-fwalk.o)
                0x080063bc                _fwalk_reent
 *fill*         0x080063fa        0x2 
 .text._localeconv_r
                0x080063fc        0x8 e:/gnu arm embedded toolchain/10 2021.10/bin/../lib/gcc/arm-none-eabi/10.3.1/../../../../arm-none-eabi/lib/thumb/v7-m/nofp\libc_nano.a(lib_a-localeconv.o)
                0x080063fc                _localeconv_r
 .text.__retarget_lock_init_recursive
                0x08006404        0x2 e:/gnu arm embedded toolchain/10 2021.10/bin/../lib/gcc/arm-none-eabi/10.3.1/../../../../arm-none-eabi/lib/thumb/v7-m/nofp\libc_nano.a(lib_a-lock.o)
                0x08006404                __retarget_lock_init_recursive
 .text.__retarget_lock_acquire_recursive
                0x08006406        0x2 e:/gnu arm embedded toolchain/10 2021.10/bin/../lib/gcc/arm-none-eabi/10.3.1/../../../../arm-none-eabi/lib/thumb/v7-m/nofp\libc_nano.a(lib_a-lock.o)
                0x08006406                __retarget_lock_acquire_recursive
 .text.__retarget_lock_release_recursive
                0x08006408        0x2 e:/gnu arm embedded toolchain/10 2021.10/bin/../lib/gcc/arm-none-eabi/10.3.1/../../../../arm-none-eabi/lib/thumb/v7-m/nofp\libc_nano.a(lib_a-lock.o)
                0x08006408                __retarget_lock_release_recursive
 .text.__swhatbuf_r
                0x0800640a       0x4a e:/gnu arm embedded toolchain/10 2021.10/bin/../lib/gcc/arm-none-eabi/10.3.1/../../../../arm-none-eabi/lib/thumb/v7-m/nofp\libc_nano.a(lib_a-makebuf.o)
                0x0800640a                __swhatbuf_r
 .text.__smakebuf_r
                0x08006454       0x80 e:/gnu arm embedded toolchain/10 2021.10/bin/../lib/gcc/arm-none-eabi/10.3.1/../../../../arm-none-eabi/lib/thumb/v7-m/nofp\libc_nano.a(lib_a-makebuf.o)
                0x08006454                __smakebuf_r
 .text.malloc   0x080064d4       0x10 e:/gnu arm embedded toolchain/10 2021.10/bin/../lib/gcc/arm-none-eabi/10.3.1/../../../../arm-none-eabi/lib/thumb/v7-m/nofp\libc_nano.a(lib_a-malloc.o)
                0x080064d4                malloc
 .text.memchr   0x080064e4       0x1c e:/gnu arm embedded toolchain/10 2021.10/bin/../lib/gcc/arm-none-eabi/10.3.1/../../../../arm-none-eabi/lib/thumb/v7-m/nofp\libc_nano.a(lib_a-memchr-stub.o)
                0x080064e4                memchr
 .text.memcpy   0x08006500       0x1c e:/gnu arm embedded toolchain/10 2021.10/bin/../lib/gcc/arm-none-eabi/10.3.1/../../../../arm-none-eabi/lib/thumb/v7-m/nofp\libc_nano.a(lib_a-memcpy-stub.o)
                0x08006500                memcpy
 .text._Balloc  0x0800651c       0x80 e:/gnu arm embedded toolchain/10 2021.10/bin/../lib/gcc/arm-none-eabi/10.3.1/../../../../arm-none-eabi/lib/thumb/v7-m/nofp\libc_nano.a(lib_a-mprec.o)
                0x0800651c                _Balloc
 .text._Bfree   0x0800659c       0x44 e:/gnu arm embedded toolchain/10 2021.10/bin/../lib/gcc/arm-none-eabi/10.3.1/../../../../arm-none-eabi/lib/thumb/v7-m/nofp\libc_nano.a(lib_a-mprec.o)
                0x0800659c                _Bfree
 .text.__multadd
                0x080065e0       0x8c e:/gnu arm embedded toolchain/10 2021.10/bin/../lib/gcc/arm-none-eabi/10.3.1/../../../../arm-none-eabi/lib/thumb/v7-m/nofp\libc_nano.a(lib_a-mprec.o)
                0x080065e0                __multadd
 .text.__hi0bits
                0x0800666c       0x40 e:/gnu arm embedded toolchain/10 2021.10/bin/../lib/gcc/arm-none-eabi/10.3.1/../../../../arm-none-eabi/lib/thumb/v7-m/nofp\libc_nano.a(lib_a-mprec.o)
                0x0800666c                __hi0bits
 .text.__lo0bits
                0x080066ac       0x5a e:/gnu arm embedded toolchain/10 2021.10/bin/../lib/gcc/arm-none-eabi/10.3.1/../../../../arm-none-eabi/lib/thumb/v7-m/nofp\libc_nano.a(lib_a-mprec.o)
                0x080066ac                __lo0bits
 *fill*         0x08006706        0x2 
 .text.__i2b    0x08006708       0x2c e:/gnu arm embedded toolchain/10 2021.10/bin/../lib/gcc/arm-none-eabi/10.3.1/../../../../arm-none-eabi/lib/thumb/v7-m/nofp\libc_nano.a(lib_a-mprec.o)
                0x08006708                __i2b
 .text.__multiply
                0x08006734      0x150 e:/gnu arm embedded toolchain/10 2021.10/bin/../lib/gcc/arm-none-eabi/10.3.1/../../../../arm-none-eabi/lib/thumb/v7-m/nofp\libc_nano.a(lib_a-mprec.o)
                0x08006734                __multiply
 .text.__pow5mult
                0x08006884       0xb4 e:/gnu arm embedded toolchain/10 2021.10/bin/../lib/gcc/arm-none-eabi/10.3.1/../../../../arm-none-eabi/lib/thumb/v7-m/nofp\libc_nano.a(lib_a-mprec.o)
                0x08006884                __pow5mult
 .text.__lshift
                0x08006938       0xe0 e:/gnu arm embedded toolchain/10 2021.10/bin/../lib/gcc/arm-none-eabi/10.3.1/../../../../arm-none-eabi/lib/thumb/v7-m/nofp\libc_nano.a(lib_a-mprec.o)
                0x08006938                __lshift
 .text.__mcmp   0x08006a18       0x36 e:/gnu arm embedded toolchain/10 2021.10/bin/../lib/gcc/arm-none-eabi/10.3.1/../../../../arm-none-eabi/lib/thumb/v7-m/nofp\libc_nano.a(lib_a-mprec.o)
                0x08006a18                __mcmp
 *fill*         0x08006a4e        0x2 
 .text.__mdiff  0x08006a50      0x118 e:/gnu arm embedded toolchain/10 2021.10/bin/../lib/gcc/arm-none-eabi/10.3.1/../../../../arm-none-eabi/lib/thumb/v7-m/nofp\libc_nano.a(lib_a-mprec.o)
                0x08006a50                __mdiff
 .text.__d2b    0x08006b68       0xb8 e:/gnu arm embedded toolchain/10 2021.10/bin/../lib/gcc/arm-none-eabi/10.3.1/../../../../arm-none-eabi/lib/thumb/v7-m/nofp\libc_nano.a(lib_a-mprec.o)
                0x08006b68                __d2b
 .text._calloc_r
                0x08006c20       0x28 e:/gnu arm embedded toolchain/10 2021.10/bin/../lib/gcc/arm-none-eabi/10.3.1/../../../../arm-none-eabi/lib/thumb/v7-m/nofp\libc_nano.a(lib_a-nano-callocr.o)
                0x08006c20                _calloc_r
 .text._free_r  0x08006c48       0x90 e:/gnu arm embedded toolchain/10 2021.10/bin/../lib/gcc/arm-none-eabi/10.3.1/../../../../arm-none-eabi/lib/thumb/v7-m/nofp\libc_nano.a(lib_a-nano-freer.o)
                0x08006c48                _free_r
 .text.sbrk_aligned
                0x08006cd8       0x40 e:/gnu arm embedded toolchain/10 2021.10/bin/../lib/gcc/arm-none-eabi/10.3.1/../../../../arm-none-eabi/lib/thumb/v7-m/nofp\libc_nano.a(lib_a-nano-mallocr.o)
 .text._malloc_r
                0x08006d18       0xe8 e:/gnu arm embedded toolchain/10 2021.10/bin/../lib/gcc/arm-none-eabi/10.3.1/../../../../arm-none-eabi/lib/thumb/v7-m/nofp\libc_nano.a(lib_a-nano-mallocr.o)
                0x08006d18                _malloc_r
 .text._sbrk_r  0x08006e00       0x20 e:/gnu arm embedded toolchain/10 2021.10/bin/../lib/gcc/arm-none-eabi/10.3.1/../../../../arm-none-eabi/lib/thumb/v7-m/nofp\libc_nano.a(lib_a-sbrkr.o)
                0x08006e00                _sbrk_r
 .text.__sread  0x08006e20       0x22 e:/gnu arm embedded toolchain/10 2021.10/bin/../lib/gcc/arm-none-eabi/10.3.1/../../../../arm-none-eabi/lib/thumb/v7-m/nofp\libc_nano.a(lib_a-stdio.o)
                0x08006e20                __sread
 .text.__swrite
                0x08006e42       0x38 e:/gnu arm embedded toolchain/10 2021.10/bin/../lib/gcc/arm-none-eabi/10.3.1/../../../../arm-none-eabi/lib/thumb/v7-m/nofp\libc_nano.a(lib_a-stdio.o)
                0x08006e42                __swrite
 .text.__sseek  0x08006e7a       0x24 e:/gnu arm embedded toolchain/10 2021.10/bin/../lib/gcc/arm-none-eabi/10.3.1/../../../../arm-none-eabi/lib/thumb/v7-m/nofp\libc_nano.a(lib_a-stdio.o)
                0x08006e7a                __sseek
 .text.__sclose
                0x08006e9e        0x8 e:/gnu arm embedded toolchain/10 2021.10/bin/../lib/gcc/arm-none-eabi/10.3.1/../../../../arm-none-eabi/lib/thumb/v7-m/nofp\libc_nano.a(lib_a-stdio.o)
                0x08006e9e                __sclose
 *fill*         0x08006ea6        0x2 
 .text._write_r
                0x08006ea8       0x24 e:/gnu arm embedded toolchain/10 2021.10/bin/../lib/gcc/arm-none-eabi/10.3.1/../../../../arm-none-eabi/lib/thumb/v7-m/nofp\libc_nano.a(lib_a-writer.o)
                0x08006ea8                _write_r
 .text.__assert_func
                0x08006ecc       0x3c e:/gnu arm embedded toolchain/10 2021.10/bin/../lib/gcc/arm-none-eabi/10.3.1/../../../../arm-none-eabi/lib/thumb/v7-m/nofp\libc_nano.a(lib_a-assert.o)
                0x08006ecc                __assert_func
 .text._close_r
                0x08006f08       0x20 e:/gnu arm embedded toolchain/10 2021.10/bin/../lib/gcc/arm-none-eabi/10.3.1/../../../../arm-none-eabi/lib/thumb/v7-m/nofp\libc_nano.a(lib_a-closer.o)
                0x08006f08                _close_r
 .text.fprintf  0x08006f28       0x24 e:/gnu arm embedded toolchain/10 2021.10/bin/../lib/gcc/arm-none-eabi/10.3.1/../../../../arm-none-eabi/lib/thumb/v7-m/nofp\libc_nano.a(lib_a-fprintf.o)
                0x08006f28                fiprintf
                0x08006f28                fprintf
 .text._fstat_r
                0x08006f4c       0x24 e:/gnu arm embedded toolchain/10 2021.10/bin/../lib/gcc/arm-none-eabi/10.3.1/../../../../arm-none-eabi/lib/thumb/v7-m/nofp\libc_nano.a(lib_a-fstatr.o)
                0x08006f4c                _fstat_r
 .text._isatty_r
                0x08006f70       0x20 e:/gnu arm embedded toolchain/10 2021.10/bin/../lib/gcc/arm-none-eabi/10.3.1/../../../../arm-none-eabi/lib/thumb/v7-m/nofp\libc_nano.a(lib_a-isattyr.o)
                0x08006f70                _isatty_r
 .text._lseek_r
                0x08006f90       0x24 e:/gnu arm embedded toolchain/10 2021.10/bin/../lib/gcc/arm-none-eabi/10.3.1/../../../../arm-none-eabi/lib/thumb/v7-m/nofp\libc_nano.a(lib_a-lseekr.o)
                0x08006f90                _lseek_r
 .text.__ascii_mbtowc
                0x08006fb4       0x24 e:/gnu arm embedded toolchain/10 2021.10/bin/../lib/gcc/arm-none-eabi/10.3.1/../../../../arm-none-eabi/lib/thumb/v7-m/nofp\libc_nano.a(lib_a-mbtowc_r.o)
                0x08006fb4                __ascii_mbtowc
 .text.__malloc_lock
                0x08006fd8        0xc e:/gnu arm embedded toolchain/10 2021.10/bin/../lib/gcc/arm-none-eabi/10.3.1/../../../../arm-none-eabi/lib/thumb/v7-m/nofp\libc_nano.a(lib_a-mlock.o)
                0x08006fd8                __malloc_lock
 .text.__malloc_unlock
                0x08006fe4        0xc e:/gnu arm embedded toolchain/10 2021.10/bin/../lib/gcc/arm-none-eabi/10.3.1/../../../../arm-none-eabi/lib/thumb/v7-m/nofp\libc_nano.a(lib_a-mlock.o)
                0x08006fe4                __malloc_unlock
 .text.__sfputc_r
                0x08006ff0       0x2a e:/gnu arm embedded toolchain/10 2021.10/bin/../lib/gcc/arm-none-eabi/10.3.1/../../../../arm-none-eabi/lib/thumb/v7-m/nofp\libc_nano.a(lib_a-nano-vfprintf.o)
 .text.__sfputs_r
                0x0800701a       0x24 e:/gnu arm embedded toolchain/10 2021.10/bin/../lib/gcc/arm-none-eabi/10.3.1/../../../../arm-none-eabi/lib/thumb/v7-m/nofp\libc_nano.a(lib_a-nano-vfprintf.o)
                0x0800701a                __sfputs_r
 *fill*         0x0800703e        0x2 
 .text._vfprintf_r
                0x08007040      0x260 e:/gnu arm embedded toolchain/10 2021.10/bin/../lib/gcc/arm-none-eabi/10.3.1/../../../../arm-none-eabi/lib/thumb/v7-m/nofp\libc_nano.a(lib_a-nano-vfprintf.o)
                0x08007040                _vfprintf_r
                0x08007040                _vfiprintf_r
 .text._read_r  0x080072a0       0x24 e:/gnu arm embedded toolchain/10 2021.10/bin/../lib/gcc/arm-none-eabi/10.3.1/../../../../arm-none-eabi/lib/thumb/v7-m/nofp\libc_nano.a(lib_a-readr.o)
                0x080072a0                _read_r
 .text.__ascii_wctomb
                0x080072c4       0x1a e:/gnu arm embedded toolchain/10 2021.10/bin/../lib/gcc/arm-none-eabi/10.3.1/../../../../arm-none-eabi/lib/thumb/v7-m/nofp\libc_nano.a(lib_a-wctomb_r.o)
                0x080072c4                __ascii_wctomb
 .text.abort    0x080072de        0xe e:/gnu arm embedded toolchain/10 2021.10/bin/../lib/gcc/arm-none-eabi/10.3.1/../../../../arm-none-eabi/lib/thumb/v7-m/nofp\libc_nano.a(lib_a-abort.o)
                0x080072de                abort
 .text._raise_r
                0x080072ec       0x50 e:/gnu arm embedded toolchain/10 2021.10/bin/../lib/gcc/arm-none-eabi/10.3.1/../../../../arm-none-eabi/lib/thumb/v7-m/nofp\libc_nano.a(lib_a-signal.o)
                0x080072ec                _raise_r
 .text.raise    0x0800733c       0x10 e:/gnu arm embedded toolchain/10 2021.10/bin/../lib/gcc/arm-none-eabi/10.3.1/../../../../arm-none-eabi/lib/thumb/v7-m/nofp\libc_nano.a(lib_a-signal.o)
                0x0800733c                raise
 .text._kill_r  0x0800734c       0x24 e:/gnu arm embedded toolchain/10 2021.10/bin/../lib/gcc/arm-none-eabi/10.3.1/../../../../arm-none-eabi/lib/thumb/v7-m/nofp\libc_nano.a(lib_a-signalr.o)
                0x0800734c                _kill_r
 .text._getpid_r
                0x08007370        0x4 e:/gnu arm embedded toolchain/10 2021.10/bin/../lib/gcc/arm-none-eabi/10.3.1/../../../../arm-none-eabi/lib/thumb/v7-m/nofp\libc_nano.a(lib_a-signalr.o)
                0x08007370                _getpid_r
 .text._close   0x08007374       0x10 e:/gnu arm embedded toolchain/10 2021.10/bin/../lib/gcc/arm-none-eabi/10.3.1/../../../../arm-none-eabi/lib/thumb/v7-m/nofp\libnosys.a(close.o)
                0x08007374                _close
 .text._fstat   0x08007384       0x10 e:/gnu arm embedded toolchain/10 2021.10/bin/../lib/gcc/arm-none-eabi/10.3.1/../../../../arm-none-eabi/lib/thumb/v7-m/nofp\libnosys.a(fstat.o)
                0x08007384                _fstat
 .text._getpid  0x08007394       0x10 e:/gnu arm embedded toolchain/10 2021.10/bin/../lib/gcc/arm-none-eabi/10.3.1/../../../../arm-none-eabi/lib/thumb/v7-m/nofp\libnosys.a(getpid.o)
                0x08007394                _getpid
 .text._isatty  0x080073a4       0x10 e:/gnu arm embedded toolchain/10 2021.10/bin/../lib/gcc/arm-none-eabi/10.3.1/../../../../arm-none-eabi/lib/thumb/v7-m/nofp\libnosys.a(isatty.o)
                0x080073a4                _isatty
 .text._kill    0x080073b4       0x10 e:/gnu arm embedded toolchain/10 2021.10/bin/../lib/gcc/arm-none-eabi/10.3.1/../../../../arm-none-eabi/lib/thumb/v7-m/nofp\libnosys.a(kill.o)
                0x080073b4                _kill
 .text._lseek   0x080073c4       0x10 e:/gnu arm embedded toolchain/10 2021.10/bin/../lib/gcc/arm-none-eabi/10.3.1/../../../../arm-none-eabi/lib/thumb/v7-m/nofp\libnosys.a(lseek.o)
                0x080073c4                _lseek
 .text._read    0x080073d4       0x10 e:/gnu arm embedded toolchain/10 2021.10/bin/../lib/gcc/arm-none-eabi/10.3.1/../../../../arm-none-eabi/lib/thumb/v7-m/nofp\libnosys.a(read.o)
                0x080073d4                _read
 .text._sbrk    0x080073e4       0x1c e:/gnu arm embedded toolchain/10 2021.10/bin/../lib/gcc/arm-none-eabi/10.3.1/../../../../arm-none-eabi/lib/thumb/v7-m/nofp\libnosys.a(sbrk.o)
                0x080073e4                _sbrk
 .text._exit    0x08007400        0x4 e:/gnu arm embedded toolchain/10 2021.10/bin/../lib/gcc/arm-none-eabi/10.3.1/../../../../arm-none-eabi/lib/thumb/v7-m/nofp\libnosys.a(_exit.o)
                0x08007400                _exit
 *(.glue_7)
 .glue_7        0x08007404        0x0 linker stubs
 *(.glue_7t)
 .glue_7t       0x08007404        0x0 linker stubs
 *(.eh_frame)
 .eh_frame      0x08007404        0x0 e:/gnu arm embedded toolchain/10 2021.10/bin/../lib/gcc/arm-none-eabi/10.3.1/thumb/v7-m/nofp/crtbegin.o
 *(.init)
 .init          0x08007404        0x4 e:/gnu arm embedded toolchain/10 2021.10/bin/../lib/gcc/arm-none-eabi/10.3.1/thumb/v7-m/nofp/crti.o
                0x08007404                _init
 .init          0x08007408        0x8 e:/gnu arm embedded toolchain/10 2021.10/bin/../lib/gcc/arm-none-eabi/10.3.1/thumb/v7-m/nofp/crtn.o
 *(.fini)
 .fini          0x08007410        0x4 e:/gnu arm embedded toolchain/10 2021.10/bin/../lib/gcc/arm-none-eabi/10.3.1/thumb/v7-m/nofp/crti.o
                0x08007410                _fini
 .fini          0x08007414        0x8 e:/gnu arm embedded toolchain/10 2021.10/bin/../lib/gcc/arm-none-eabi/10.3.1/thumb/v7-m/nofp/crtn.o
                0x0800741c                . = ALIGN (0x4)
                0x0800741c                _etext = .

.vfp11_veneer   0x0800741c        0x0
 .vfp11_veneer  0x0800741c        0x0 linker stubs

.v4_bx          0x0800741c        0x0
 .v4_bx         0x0800741c        0x0 linker stubs

.iplt           0x0800741c        0x0
 .iplt          0x0800741c        0x0 e:/gnu arm embedded toolchain/10 2021.10/bin/../lib/gcc/arm-none-eabi/10.3.1/thumb/v7-m/nofp/crtbegin.o

.rodata         0x08007420      0x4a4
                0x08007420                . = ALIGN (0x4)
 *(.rodata)
 *(.rodata*)
 .rodata.main.str1.4
                0x08007420       0x16 build/main.o
 *fill*         0x08007436        0x2 
 .rodata.HAL_RCC_GetSysClockFreq.str1.4
                0x08007438       0x11 build/stm32f1xx_hal_rcc.o
 *fill*         0x08007449        0x3 
 .rodata.AHBPrescTable
                0x0800744c       0x10 build/system_stm32f1xx.o
                0x0800744c                AHBPrescTable
 .rodata.USBD_FS_ProductStrDescriptor.str1.4
                0x0800745c       0x16 build/usbd_desc.o
 *fill*         0x08007472        0x2 
 .rodata.USBD_FS_ManufacturerStrDescriptor.str1.4
                0x08007474       0x13 build/usbd_desc.o
 *fill*         0x08007487        0x1 
 .rodata.USBD_FS_ConfigStrDescriptor.str1.4
                0x08007488        0xb build/usbd_desc.o
 *fill*         0x08007493        0x1 
 .rodata.USBD_FS_InterfaceStrDescriptor.str1.4
                0x08007494        0xe build/usbd_desc.o
 *fill*         0x080074a2        0x2 
 .rodata._global_impure_ptr
                0x080074a4        0x4 e:/gnu arm embedded toolchain/10 2021.10/bin/../lib/gcc/arm-none-eabi/10.3.1/../../../../arm-none-eabi/lib/thumb/v7-m/nofp\libc_nano.a(lib_a-impure.o)
                0x080074a4                _global_impure_ptr
 .rodata._printf_float.str1.1
                0x080074a8       0x12 e:/gnu arm embedded toolchain/10 2021.10/bin/../lib/gcc/arm-none-eabi/10.3.1/../../../../arm-none-eabi/lib/thumb/v7-m/nofp\libc_nano.a(lib_a-nano-vfprintf_float.o)
 .rodata._printf_i.str1.1
                0x080074ba       0x22 e:/gnu arm embedded toolchain/10 2021.10/bin/../lib/gcc/arm-none-eabi/10.3.1/../../../../arm-none-eabi/lib/thumb/v7-m/nofp\libc_nano.a(lib_a-nano-vfprintf_i.o)
 .rodata._dtoa_r.str1.1
                0x080074dc       0xb3 e:/gnu arm embedded toolchain/10 2021.10/bin/../lib/gcc/arm-none-eabi/10.3.1/../../../../arm-none-eabi/lib/thumb/v7-m/nofp\libc_nano.a(lib_a-dtoa.o)
                                 0xb5 (size before relaxing)
 *fill*         0x0800758f        0x1 
 .rodata.__sf_fake_stderr
                0x08007590       0x20 e:/gnu arm embedded toolchain/10 2021.10/bin/../lib/gcc/arm-none-eabi/10.3.1/../../../../arm-none-eabi/lib/thumb/v7-m/nofp\libc_nano.a(lib_a-findfp.o)
                0x08007590                __sf_fake_stderr
 .rodata.__sf_fake_stdin
                0x080075b0       0x20 e:/gnu arm embedded toolchain/10 2021.10/bin/../lib/gcc/arm-none-eabi/10.3.1/../../../../arm-none-eabi/lib/thumb/v7-m/nofp\libc_nano.a(lib_a-findfp.o)
                0x080075b0                __sf_fake_stdin
 .rodata.__sf_fake_stdout
                0x080075d0       0x20 e:/gnu arm embedded toolchain/10 2021.10/bin/../lib/gcc/arm-none-eabi/10.3.1/../../../../arm-none-eabi/lib/thumb/v7-m/nofp\libc_nano.a(lib_a-findfp.o)
                0x080075d0                __sf_fake_stdout
 .rodata._Balloc.str1.1
                0x080075f0       0x7f e:/gnu arm embedded toolchain/10 2021.10/bin/../lib/gcc/arm-none-eabi/10.3.1/../../../../arm-none-eabi/lib/thumb/v7-m/nofp\libc_nano.a(lib_a-mprec.o)
                                 0x96 (size before relaxing)
 .rodata.__multadd.str1.1
                0x0800766f       0x11 e:/gnu arm embedded toolchain/10 2021.10/bin/../lib/gcc/arm-none-eabi/10.3.1/../../../../arm-none-eabi/lib/thumb/v7-m/nofp\libc_nano.a(lib_a-mprec.o)
 *fill*         0x0800766f        0x1 
 .rodata.__mprec_bigtens
                0x08007670       0x28 e:/gnu arm embedded toolchain/10 2021.10/bin/../lib/gcc/arm-none-eabi/10.3.1/../../../../arm-none-eabi/lib/thumb/v7-m/nofp\libc_nano.a(lib_a-mprec.o)
                0x08007670                __mprec_bigtens
 .rodata.__mprec_tens
                0x08007698       0xc8 e:/gnu arm embedded toolchain/10 2021.10/bin/../lib/gcc/arm-none-eabi/10.3.1/../../../../arm-none-eabi/lib/thumb/v7-m/nofp\libc_nano.a(lib_a-mprec.o)
                0x08007698                __mprec_tens
 .rodata.p05.0  0x08007760        0xc e:/gnu arm embedded toolchain/10 2021.10/bin/../lib/gcc/arm-none-eabi/10.3.1/../../../../arm-none-eabi/lib/thumb/v7-m/nofp\libc_nano.a(lib_a-mprec.o)
 .rodata.__assert_func.str1.1
                0x0800776c       0x3c e:/gnu arm embedded toolchain/10 2021.10/bin/../lib/gcc/arm-none-eabi/10.3.1/../../../../arm-none-eabi/lib/thumb/v7-m/nofp\libc_nano.a(lib_a-assert.o)
                                 0x3d (size before relaxing)
 .rodata._setlocale_r.str1.1
                0x080077a8        0x8 e:/gnu arm embedded toolchain/10 2021.10/bin/../lib/gcc/arm-none-eabi/10.3.1/../../../../arm-none-eabi/lib/thumb/v7-m/nofp\libc_nano.a(lib_a-locale.o)
                                  0x9 (size before relaxing)
 .rodata.str1.1
                0x080077b0        0x2 e:/gnu arm embedded toolchain/10 2021.10/bin/../lib/gcc/arm-none-eabi/10.3.1/../../../../arm-none-eabi/lib/thumb/v7-m/nofp\libc_nano.a(lib_a-locale.o)
 .rodata._vfprintf_r.str1.1
                0x080077b2       0x11 e:/gnu arm embedded toolchain/10 2021.10/bin/../lib/gcc/arm-none-eabi/10.3.1/../../../../arm-none-eabi/lib/thumb/v7-m/nofp\libc_nano.a(lib_a-nano-vfprintf.o)
 .rodata._ctype_
                0x080077c3      0x101 e:/gnu arm embedded toolchain/10 2021.10/bin/../lib/gcc/arm-none-eabi/10.3.1/../../../../arm-none-eabi/lib/thumb/v7-m/nofp\libc_nano.a(lib_a-ctype_.o)
                0x080077c3                _ctype_
                0x080078c4                . = ALIGN (0x4)

.rel.dyn        0x080078c4        0x0
 .rel.iplt      0x080078c4        0x0 e:/gnu arm embedded toolchain/10 2021.10/bin/../lib/gcc/arm-none-eabi/10.3.1/thumb/v7-m/nofp/crtbegin.o

.ARM.extab
 *(.ARM.extab* .gnu.linkonce.armextab.*)

.ARM            0x080078c4        0x0
                0x080078c4                __exidx_start = .
 *(.ARM.exidx*)
                0x080078c4                __exidx_end = .

.preinit_array  0x080078c4        0x0
                0x080078c4                PROVIDE (__preinit_array_start = .)
 *(.preinit_array*)
                0x080078c4                PROVIDE (__preinit_array_end = .)

.init_array     0x080078c4        0x4
                0x080078c4                PROVIDE (__init_array_start = .)
 *(SORT_BY_NAME(.init_array.*))
 *(.init_array*)
 .init_array    0x080078c4        0x4 e:/gnu arm embedded toolchain/10 2021.10/bin/../lib/gcc/arm-none-eabi/10.3.1/thumb/v7-m/nofp/crtbegin.o
                0x080078c8                PROVIDE (__init_array_end = .)

.fini_array     0x080078c8        0x4
                [!provide]                PROVIDE (__fini_array_start = .)
 *(SORT_BY_NAME(.fini_array.*))
 *(.fini_array*)
 .fini_array    0x080078c8        0x4 e:/gnu arm embedded toolchain/10 2021.10/bin/../lib/gcc/arm-none-eabi/10.3.1/thumb/v7-m/nofp/crtbegin.o
                [!provide]                PROVIDE (__fini_array_end = .)
                0x080078cc                _sidata = LOADADDR (.data)

.data           0x20000000      0x34c load address 0x080078cc
                0x20000000                . = ALIGN (0x4)
                0x20000000                _sdata = .
 *(.data)
 *(.data*)
 .data.uwTickFreq
                0x20000000        0x1 build/stm32f1xx_hal.o
                0x20000000                uwTickFreq
 *fill*         0x20000001        0x3 
 .data.uwTickPrio
                0x20000004        0x4 build/stm32f1xx_hal.o
                0x20000004                uwTickPrio
 .data.SystemCoreClock
                0x20000008        0x4 build/system_stm32f1xx.o
                0x20000008                SystemCoreClock
 .data.FS_Desc  0x2000000c       0x1c build/usbd_desc.o
                0x2000000c                FS_Desc
 .data.USBD_FS_DeviceDesc
                0x20000028       0x12 build/usbd_desc.o
                0x20000028                USBD_FS_DeviceDesc
 *fill*         0x2000003a        0x2 
 .data.USBD_LangIDDesc
                0x2000003c        0x4 build/usbd_desc.o
                0x2000003c                USBD_LangIDDesc
 .data.USBD_StringSerial
                0x20000040       0x1a build/usbd_desc.o
                0x20000040                USBD_StringSerial
 *fill*         0x2000005a        0x2 
 .data.USBD_Interface_fops_FS
                0x2000005c       0x10 build/usbd_cdc_if.o
                0x2000005c                USBD_Interface_fops_FS
 .data.USBD_CDC
                0x2000006c       0x38 build/usbd_cdc.o
                0x2000006c                USBD_CDC
 .data.USBD_CDC_CfgFSDesc
                0x200000a4       0x43 build/usbd_cdc.o
                0x200000a4                USBD_CDC_CfgFSDesc
 *fill*         0x200000e7        0x1 
 .data.USBD_CDC_CfgHSDesc
                0x200000e8       0x43 build/usbd_cdc.o
                0x200000e8                USBD_CDC_CfgHSDesc
 *fill*         0x2000012b        0x1 
 .data.USBD_CDC_DeviceQualifierDesc
                0x2000012c        0xa build/usbd_cdc.o
 *fill*         0x20000136        0x2 
 .data.USBD_CDC_OtherSpeedCfgDesc
                0x20000138       0x43 build/usbd_cdc.o
                0x20000138                USBD_CDC_OtherSpeedCfgDesc
 *fill*         0x2000017b        0x1 
 .data._impure_ptr
                0x2000017c        0x4 e:/gnu arm embedded toolchain/10 2021.10/bin/../lib/gcc/arm-none-eabi/10.3.1/../../../../arm-none-eabi/lib/thumb/v7-m/nofp\libc_nano.a(lib_a-impure.o)
                0x2000017c                _impure_ptr
 .data.impure_data
                0x20000180       0x60 e:/gnu arm embedded toolchain/10 2021.10/bin/../lib/gcc/arm-none-eabi/10.3.1/../../../../arm-none-eabi/lib/thumb/v7-m/nofp\libc_nano.a(lib_a-impure.o)
 .data.__global_locale
                0x200001e0      0x16c e:/gnu arm embedded toolchain/10 2021.10/bin/../lib/gcc/arm-none-eabi/10.3.1/../../../../arm-none-eabi/lib/thumb/v7-m/nofp\libc_nano.a(lib_a-locale.o)
                0x200001e0                __global_locale
                0x2000034c                . = ALIGN (0x4)
                0x2000034c                _edata = .

.igot.plt       0x2000034c        0x0 load address 0x08007c18
 .igot.plt      0x2000034c        0x0 e:/gnu arm embedded toolchain/10 2021.10/bin/../lib/gcc/arm-none-eabi/10.3.1/thumb/v7-m/nofp/crtbegin.o
                0x2000034c                . = ALIGN (0x4)

.bss            0x2000034c      0xb04 load address 0x08007c18
                0x2000034c                _sbss = .
                0x2000034c                __bss_start__ = _sbss
 *(.bss)
 .bss           0x2000034c       0x1c e:/gnu arm embedded toolchain/10 2021.10/bin/../lib/gcc/arm-none-eabi/10.3.1/thumb/v7-m/nofp/crtbegin.o
 *(.bss*)
 .bss.uwTick    0x20000368        0x4 build/stm32f1xx_hal.o
                0x20000368                uwTick
 .bss.hUsbDeviceFS
                0x2000036c      0x2c4 build/usb_device.o
                0x2000036c                hUsbDeviceFS
 .bss.USBD_StrDesc
                0x20000630      0x200 build/usbd_desc.o
                0x20000630                USBD_StrDesc
 .bss.UserRxBufferFS
                0x20000830       0x80 build/usbd_cdc_if.o
                0x20000830                UserRxBufferFS
 .bss.UserTxBufferFS
                0x200008b0       0x80 build/usbd_cdc_if.o
                0x200008b0                UserTxBufferFS
 .bss.hpcd_USB_FS
                0x20000930      0x2ec build/usbd_conf.o
                0x20000930                hpcd_USB_FS
 .bss.mem.0     0x20000c1c      0x220 build/usbd_conf.o
 .bss.cfgidx.0  0x20000e3c        0x1 build/usbd_ctlreq.o
 .bss.__lock___malloc_recursive_mutex
                0x20000e3d        0x1 e:/gnu arm embedded toolchain/10 2021.10/bin/../lib/gcc/arm-none-eabi/10.3.1/../../../../arm-none-eabi/lib/thumb/v7-m/nofp\libc_nano.a(lib_a-lock.o)
                0x20000e3d                __lock___malloc_recursive_mutex
 .bss.__lock___sfp_recursive_mutex
                0x20000e3e        0x1 e:/gnu arm embedded toolchain/10 2021.10/bin/../lib/gcc/arm-none-eabi/10.3.1/../../../../arm-none-eabi/lib/thumb/v7-m/nofp\libc_nano.a(lib_a-lock.o)
                0x20000e3e                __lock___sfp_recursive_mutex
 .bss.__lock___sinit_recursive_mutex
                0x20000e3f        0x1 e:/gnu arm embedded toolchain/10 2021.10/bin/../lib/gcc/arm-none-eabi/10.3.1/../../../../arm-none-eabi/lib/thumb/v7-m/nofp\libc_nano.a(lib_a-lock.o)
                0x20000e3f                __lock___sinit_recursive_mutex
 .bss.__malloc_free_list
                0x20000e40        0x4 e:/gnu arm embedded toolchain/10 2021.10/bin/../lib/gcc/arm-none-eabi/10.3.1/../../../../arm-none-eabi/lib/thumb/v7-m/nofp\libc_nano.a(lib_a-nano-mallocr.o)
                0x20000e40                __malloc_free_list
 .bss.__malloc_sbrk_start
                0x20000e44        0x4 e:/gnu arm embedded toolchain/10 2021.10/bin/../lib/gcc/arm-none-eabi/10.3.1/../../../../arm-none-eabi/lib/thumb/v7-m/nofp\libc_nano.a(lib_a-nano-mallocr.o)
                0x20000e44                __malloc_sbrk_start
 .bss.errno     0x20000e48        0x4 e:/gnu arm embedded toolchain/10 2021.10/bin/../lib/gcc/arm-none-eabi/10.3.1/../../../../arm-none-eabi/lib/thumb/v7-m/nofp\libc_nano.a(lib_a-reent.o)
                0x20000e48                errno
 .bss.heap_end.0
                0x20000e4c        0x4 e:/gnu arm embedded toolchain/10 2021.10/bin/../lib/gcc/arm-none-eabi/10.3.1/../../../../arm-none-eabi/lib/thumb/v7-m/nofp\libnosys.a(sbrk.o)
 *(COMMON)
                0x20000e50                . = ALIGN (0x4)
                0x20000e50                _ebss = .
                0x20000e50                __bss_end__ = _ebss

._user_heap_stack
                0x20000e50      0x600 load address 0x08007c18
                0x20000e50                . = ALIGN (0x8)
                0x20000e50                PROVIDE (end = .)
                [!provide]                PROVIDE (_end = .)
                0x20001050                . = (. + _Min_Heap_Size)
 *fill*         0x20000e50      0x200 
                0x20001450                . = (. + _Min_Stack_Size)
 *fill*         0x20001050      0x400 
                0x20001450                . = ALIGN (0x8)

/DISCARD/
 libc.a(*)
 libm.a(*)
 libgcc.a(*)

.ARM.attributes
                0x00000000       0x29
 *(.ARM.attributes)
 .ARM.attributes
                0x00000000       0x1d e:/gnu arm embedded toolchain/10 2021.10/bin/../lib/gcc/arm-none-eabi/10.3.1/thumb/v7-m/nofp/crti.o
 .ARM.attributes
                0x0000001d       0x2d e:/gnu arm embedded toolchain/10 2021.10/bin/../lib/gcc/arm-none-eabi/10.3.1/thumb/v7-m/nofp/crtbegin.o
 .ARM.attributes
                0x0000004a       0x2d build/main.o
 .ARM.attributes
                0x00000077       0x2d build/stm32f1xx_it.o
 .ARM.attributes
                0x000000a4       0x2d build/stm32f1xx_hal_msp.o
 .ARM.attributes
                0x000000d1       0x2d build/stm32f1xx_hal.o
 .ARM.attributes
                0x000000fe       0x2d build/stm32f1xx_hal_rcc.o
 .ARM.attributes
                0x0000012b       0x2d build/stm32f1xx_hal_rcc_ex.o
 .ARM.attributes
                0x00000158       0x2d build/stm32f1xx_hal_gpio.o
 .ARM.attributes
                0x00000185       0x2d build/stm32f1xx_hal_cortex.o
 .ARM.attributes
                0x000001b2       0x2d build/system_stm32f1xx.o
 .ARM.attributes
                0x000001df       0x2d build/usb_device.o
 .ARM.attributes
                0x0000020c       0x2d build/usbd_desc.o
 .ARM.attributes
                0x00000239       0x2d build/usbd_cdc_if.o
 .ARM.attributes
                0x00000266       0x2d build/usbd_conf.o
 .ARM.attributes
                0x00000293       0x2d build/stm32f1xx_hal_pcd.o
 .ARM.attributes
                0x000002c0       0x2d build/stm32f1xx_hal_pcd_ex.o
 .ARM.attributes
                0x000002ed       0x2d build/stm32f1xx_ll_usb.o
 .ARM.attributes
                0x0000031a       0x2d build/usbd_core.o
 .ARM.attributes
                0x00000347       0x2d build/usbd_ctlreq.o
 .ARM.attributes
                0x00000374       0x2d build/usbd_ioreq.o
 .ARM.attributes
                0x000003a1       0x2d build/usbd_cdc.o
 .ARM.attributes
                0x000003ce       0x21 build/startup_stm32f103xb.o
 .ARM.attributes
                0x000003ef       0x2d e:/gnu arm embedded toolchain/10 2021.10/bin/../lib/gcc/arm-none-eabi/10.3.1/../../../../arm-none-eabi/lib/thumb/v7-m/nofp\libc_nano.a(lib_a-errno.o)
 .ARM.attributes
                0x0000041c       0x2d e:/gnu arm embedded toolchain/10 2021.10/bin/../lib/gcc/arm-none-eabi/10.3.1/../../../../arm-none-eabi/lib/thumb/v7-m/nofp\libc_nano.a(lib_a-impure.o)
 .ARM.attributes
                0x00000449       0x2d e:/gnu arm embedded toolchain/10 2021.10/bin/../lib/gcc/arm-none-eabi/10.3.1/../../../../arm-none-eabi/lib/thumb/v7-m/nofp\libc_nano.a(lib_a-init.o)
 .ARM.attributes
                0x00000476       0x2d e:/gnu arm embedded toolchain/10 2021.10/bin/../lib/gcc/arm-none-eabi/10.3.1/../../../../arm-none-eabi/lib/thumb/v7-m/nofp\libc_nano.a(lib_a-memset.o)
 .ARM.attributes
                0x000004a3       0x2d e:/gnu arm embedded toolchain/10 2021.10/bin/../lib/gcc/arm-none-eabi/10.3.1/../../../../arm-none-eabi/lib/thumb/v7-m/nofp\libc_nano.a(lib_a-nano-vfprintf_float.o)
 .ARM.attributes
                0x000004d0       0x2d e:/gnu arm embedded toolchain/10 2021.10/bin/../lib/gcc/arm-none-eabi/10.3.1/../../../../arm-none-eabi/lib/thumb/v7-m/nofp\libc_nano.a(lib_a-nano-vfprintf_i.o)
 .ARM.attributes
                0x000004fd       0x2d e:/gnu arm embedded toolchain/10 2021.10/bin/../lib/gcc/arm-none-eabi/10.3.1/../../../../arm-none-eabi/lib/thumb/v7-m/nofp\libc_nano.a(lib_a-puts.o)
 .ARM.attributes
                0x0000052a       0x17 e:/gnu arm embedded toolchain/10 2021.10/bin/../lib/gcc/arm-none-eabi/10.3.1/../../../../arm-none-eabi/lib/thumb/v7-m/nofp\libc_nano.a(lib_a-strlen.o)
 .ARM.attributes
                0x00000541       0x2d e:/gnu arm embedded toolchain/10 2021.10/bin/../lib/gcc/arm-none-eabi/10.3.1/../../../../arm-none-eabi/lib/thumb/v7-m/nofp\libc_nano.a(lib_a-wbuf.o)
 .ARM.attributes
                0x0000056e       0x2d e:/gnu arm embedded toolchain/10 2021.10/bin/../lib/gcc/arm-none-eabi/10.3.1/../../../../arm-none-eabi/lib/thumb/v7-m/nofp\libc_nano.a(lib_a-wsetup.o)
 .ARM.attributes
                0x0000059b       0x2d e:/gnu arm embedded toolchain/10 2021.10/bin/../lib/gcc/arm-none-eabi/10.3.1/../../../../arm-none-eabi/lib/thumb/v7-m/nofp\libc_nano.a(lib_a-dtoa.o)
 .ARM.attributes
                0x000005c8       0x2d e:/gnu arm embedded toolchain/10 2021.10/bin/../lib/gcc/arm-none-eabi/10.3.1/../../../../arm-none-eabi/lib/thumb/v7-m/nofp\libc_nano.a(lib_a-fflush.o)
 .ARM.attributes
                0x000005f5       0x2d e:/gnu arm embedded toolchain/10 2021.10/bin/../lib/gcc/arm-none-eabi/10.3.1/../../../../arm-none-eabi/lib/thumb/v7-m/nofp\libc_nano.a(lib_a-findfp.o)
 .ARM.attributes
                0x00000622       0x2d e:/gnu arm embedded toolchain/10 2021.10/bin/../lib/gcc/arm-none-eabi/10.3.1/../../../../arm-none-eabi/lib/thumb/v7-m/nofp\libc_nano.a(lib_a-fwalk.o)
 .ARM.attributes
                0x0000064f       0x2d e:/gnu arm embedded toolchain/10 2021.10/bin/../lib/gcc/arm-none-eabi/10.3.1/../../../../arm-none-eabi/lib/thumb/v7-m/nofp\libc_nano.a(lib_a-localeconv.o)
 .ARM.attributes
                0x0000067c       0x2d e:/gnu arm embedded toolchain/10 2021.10/bin/../lib/gcc/arm-none-eabi/10.3.1/../../../../arm-none-eabi/lib/thumb/v7-m/nofp\libc_nano.a(lib_a-lock.o)
 .ARM.attributes
                0x000006a9       0x2d e:/gnu arm embedded toolchain/10 2021.10/bin/../lib/gcc/arm-none-eabi/10.3.1/../../../../arm-none-eabi/lib/thumb/v7-m/nofp\libc_nano.a(lib_a-makebuf.o)
 .ARM.attributes
                0x000006d6       0x2d e:/gnu arm embedded toolchain/10 2021.10/bin/../lib/gcc/arm-none-eabi/10.3.1/../../../../arm-none-eabi/lib/thumb/v7-m/nofp\libc_nano.a(lib_a-malloc.o)
 .ARM.attributes
                0x00000703       0x2d e:/gnu arm embedded toolchain/10 2021.10/bin/../lib/gcc/arm-none-eabi/10.3.1/../../../../arm-none-eabi/lib/thumb/v7-m/nofp\libc_nano.a(lib_a-memchr-stub.o)
 .ARM.attributes
                0x00000730       0x2d e:/gnu arm embedded toolchain/10 2021.10/bin/../lib/gcc/arm-none-eabi/10.3.1/../../../../arm-none-eabi/lib/thumb/v7-m/nofp\libc_nano.a(lib_a-memcpy-stub.o)
 .ARM.attributes
                0x0000075d       0x2d e:/gnu arm embedded toolchain/10 2021.10/bin/../lib/gcc/arm-none-eabi/10.3.1/../../../../arm-none-eabi/lib/thumb/v7-m/nofp\libc_nano.a(lib_a-mprec.o)
 .ARM.attributes
                0x0000078a       0x2d e:/gnu arm embedded toolchain/10 2021.10/bin/../lib/gcc/arm-none-eabi/10.3.1/../../../../arm-none-eabi/lib/thumb/v7-m/nofp\libc_nano.a(lib_a-nano-callocr.o)
 .ARM.attributes
                0x000007b7       0x2d e:/gnu arm embedded toolchain/10 2021.10/bin/../lib/gcc/arm-none-eabi/10.3.1/../../../../arm-none-eabi/lib/thumb/v7-m/nofp\libc_nano.a(lib_a-nano-freer.o)
 .ARM.attributes
                0x000007e4       0x2d e:/gnu arm embedded toolchain/10 2021.10/bin/../lib/gcc/arm-none-eabi/10.3.1/../../../../arm-none-eabi/lib/thumb/v7-m/nofp\libc_nano.a(lib_a-nano-mallocr.o)
 .ARM.attributes
                0x00000811       0x2d e:/gnu arm embedded toolchain/10 2021.10/bin/../lib/gcc/arm-none-eabi/10.3.1/../../../../arm-none-eabi/lib/thumb/v7-m/nofp\libc_nano.a(lib_a-sbrkr.o)
 .ARM.attributes
                0x0000083e       0x2d e:/gnu arm embedded toolchain/10 2021.10/bin/../lib/gcc/arm-none-eabi/10.3.1/../../../../arm-none-eabi/lib/thumb/v7-m/nofp\libc_nano.a(lib_a-stdio.o)
 .ARM.attributes
                0x0000086b       0x2d e:/gnu arm embedded toolchain/10 2021.10/bin/../lib/gcc/arm-none-eabi/10.3.1/../../../../arm-none-eabi/lib/thumb/v7-m/nofp\libc_nano.a(lib_a-writer.o)
 .ARM.attributes
                0x00000898       0x2d e:/gnu arm embedded toolchain/10 2021.10/bin/../lib/gcc/arm-none-eabi/10.3.1/../../../../arm-none-eabi/lib/thumb/v7-m/nofp\libc_nano.a(lib_a-assert.o)
 .ARM.attributes
                0x000008c5       0x2d e:/gnu arm embedded toolchain/10 2021.10/bin/../lib/gcc/arm-none-eabi/10.3.1/../../../../arm-none-eabi/lib/thumb/v7-m/nofp\libc_nano.a(lib_a-closer.o)
 .ARM.attributes
                0x000008f2       0x2d e:/gnu arm embedded toolchain/10 2021.10/bin/../lib/gcc/arm-none-eabi/10.3.1/../../../../arm-none-eabi/lib/thumb/v7-m/nofp\libc_nano.a(lib_a-fprintf.o)
 .ARM.attributes
                0x0000091f       0x2d e:/gnu arm embedded toolchain/10 2021.10/bin/../lib/gcc/arm-none-eabi/10.3.1/../../../../arm-none-eabi/lib/thumb/v7-m/nofp\libc_nano.a(lib_a-fstatr.o)
 .ARM.attributes
                0x0000094c       0x2d e:/gnu arm embedded toolchain/10 2021.10/bin/../lib/gcc/arm-none-eabi/10.3.1/../../../../arm-none-eabi/lib/thumb/v7-m/nofp\libc_nano.a(lib_a-isattyr.o)
 .ARM.attributes
                0x00000979       0x2d e:/gnu arm embedded toolchain/10 2021.10/bin/../lib/gcc/arm-none-eabi/10.3.1/../../../../arm-none-eabi/lib/thumb/v7-m/nofp\libc_nano.a(lib_a-locale.o)
 .ARM.attributes
                0x000009a6       0x2d e:/gnu arm embedded toolchain/10 2021.10/bin/../lib/gcc/arm-none-eabi/10.3.1/../../../../arm-none-eabi/lib/thumb/v7-m/nofp\libc_nano.a(lib_a-lseekr.o)
 .ARM.attributes
                0x000009d3       0x2d e:/gnu arm embedded toolchain/10 2021.10/bin/../lib/gcc/arm-none-eabi/10.3.1/../../../../arm-none-eabi/lib/thumb/v7-m/nofp\libc_nano.a(lib_a-mbtowc_r.o)
 .ARM.attributes
                0x00000a00       0x2d e:/gnu arm embedded toolchain/10 2021.10/bin/../lib/gcc/arm-none-eabi/10.3.1/../../../../arm-none-eabi/lib/thumb/v7-m/nofp\libc_nano.a(lib_a-mlock.o)
 .ARM.attributes
                0x00000a2d       0x2d e:/gnu arm embedded toolchain/10 2021.10/bin/../lib/gcc/arm-none-eabi/10.3.1/../../../../arm-none-eabi/lib/thumb/v7-m/nofp\libc_nano.a(lib_a-nano-vfprintf.o)
 .ARM.attributes
                0x00000a5a       0x2d e:/gnu arm embedded toolchain/10 2021.10/bin/../lib/gcc/arm-none-eabi/10.3.1/../../../../arm-none-eabi/lib/thumb/v7-m/nofp\libc_nano.a(lib_a-readr.o)
 .ARM.attributes
                0x00000a87       0x2d e:/gnu arm embedded toolchain/10 2021.10/bin/../lib/gcc/arm-none-eabi/10.3.1/../../../../arm-none-eabi/lib/thumb/v7-m/nofp\libc_nano.a(lib_a-reent.o)
 .ARM.attributes
                0x00000ab4       0x2d e:/gnu arm embedded toolchain/10 2021.10/bin/../lib/gcc/arm-none-eabi/10.3.1/../../../../arm-none-eabi/lib/thumb/v7-m/nofp\libc_nano.a(lib_a-wctomb_r.o)
 .ARM.attributes
                0x00000ae1       0x2d e:/gnu arm embedded toolchain/10 2021.10/bin/../lib/gcc/arm-none-eabi/10.3.1/../../../../arm-none-eabi/lib/thumb/v7-m/nofp\libc_nano.a(lib_a-abort.o)
 .ARM.attributes
                0x00000b0e       0x2d e:/gnu arm embedded toolchain/10 2021.10/bin/../lib/gcc/arm-none-eabi/10.3.1/../../../../arm-none-eabi/lib/thumb/v7-m/nofp\libc_nano.a(lib_a-ctype_.o)
 .ARM.attributes
                0x00000b3b       0x2d e:/gnu arm embedded toolchain/10 2021.10/bin/../lib/gcc/arm-none-eabi/10.3.1/../../../../arm-none-eabi/lib/thumb/v7-m/nofp\libc_nano.a(lib_a-signal.o)
 .ARM.attributes
                0x00000b68       0x2d e:/gnu arm embedded toolchain/10 2021.10/bin/../lib/gcc/arm-none-eabi/10.3.1/../../../../arm-none-eabi/lib/thumb/v7-m/nofp\libc_nano.a(lib_a-signalr.o)
 .ARM.attributes
                0x00000b95       0x2d e:/gnu arm embedded toolchain/10 2021.10/bin/../lib/gcc/arm-none-eabi/10.3.1/../../../../arm-none-eabi/lib/thumb/v7-m/nofp\libnosys.a(close.o)
 .ARM.attributes
                0x00000bc2       0x2d e:/gnu arm embedded toolchain/10 2021.10/bin/../lib/gcc/arm-none-eabi/10.3.1/../../../../arm-none-eabi/lib/thumb/v7-m/nofp\libnosys.a(fstat.o)
 .ARM.attributes
                0x00000bef       0x2d e:/gnu arm embedded toolchain/10 2021.10/bin/../lib/gcc/arm-none-eabi/10.3.1/../../../../arm-none-eabi/lib/thumb/v7-m/nofp\libnosys.a(getpid.o)
 .ARM.attributes
                0x00000c1c       0x2d e:/gnu arm embedded toolchain/10 2021.10/bin/../lib/gcc/arm-none-eabi/10.3.1/../../../../arm-none-eabi/lib/thumb/v7-m/nofp\libnosys.a(isatty.o)
 .ARM.attributes
                0x00000c49       0x2d e:/gnu arm embedded toolchain/10 2021.10/bin/../lib/gcc/arm-none-eabi/10.3.1/../../../../arm-none-eabi/lib/thumb/v7-m/nofp\libnosys.a(kill.o)
 .ARM.attributes
                0x00000c76       0x2d e:/gnu arm embedded toolchain/10 2021.10/bin/../lib/gcc/arm-none-eabi/10.3.1/../../../../arm-none-eabi/lib/thumb/v7-m/nofp\libnosys.a(lseek.o)
 .ARM.attributes
                0x00000ca3       0x2d e:/gnu arm embedded toolchain/10 2021.10/bin/../lib/gcc/arm-none-eabi/10.3.1/../../../../arm-none-eabi/lib/thumb/v7-m/nofp\libnosys.a(read.o)
 .ARM.attributes
                0x00000cd0       0x2d e:/gnu arm embedded toolchain/10 2021.10/bin/../lib/gcc/arm-none-eabi/10.3.1/../../../../arm-none-eabi/lib/thumb/v7-m/nofp\libnosys.a(sbrk.o)
 .ARM.attributes
                0x00000cfd       0x2d e:/gnu arm embedded toolchain/10 2021.10/bin/../lib/gcc/arm-none-eabi/10.3.1/../../../../arm-none-eabi/lib/thumb/v7-m/nofp\libnosys.a(_exit.o)
 .ARM.attributes
                0x00000d2a       0x1d e:/gnu arm embedded toolchain/10 2021.10/bin/../lib/gcc/arm-none-eabi/10.3.1/thumb/v7-m/nofp\libgcc.a(_arm_addsubdf3.o)
 .ARM.attributes
                0x00000d47       0x1d e:/gnu arm embedded toolchain/10 2021.10/bin/../lib/gcc/arm-none-eabi/10.3.1/thumb/v7-m/nofp\libgcc.a(_arm_muldivdf3.o)
 .ARM.attributes
                0x00000d64       0x1d e:/gnu arm embedded toolchain/10 2021.10/bin/../lib/gcc/arm-none-eabi/10.3.1/thumb/v7-m/nofp\libgcc.a(_arm_cmpdf2.o)
 .ARM.attributes
                0x00000d81       0x1d e:/gnu arm embedded toolchain/10 2021.10/bin/../lib/gcc/arm-none-eabi/10.3.1/thumb/v7-m/nofp\libgcc.a(_arm_unorddf2.o)
 .ARM.attributes
                0x00000d9e       0x1d e:/gnu arm embedded toolchain/10 2021.10/bin/../lib/gcc/arm-none-eabi/10.3.1/thumb/v7-m/nofp\libgcc.a(_arm_fixdfsi.o)
 .ARM.attributes
                0x00000dbb       0x1d e:/gnu arm embedded toolchain/10 2021.10/bin/../lib/gcc/arm-none-eabi/10.3.1/thumb/v7-m/nofp/crtn.o
OUTPUT(build/stm32f103c8t6_usb.elf elf32-littlearm)
LOAD linker stubs
LOAD e:/gnu arm embedded toolchain/10 2021.10/bin/../lib/gcc/arm-none-eabi/10.3.1/../../../../arm-none-eabi/lib/thumb/v7-m/nofp\libc.a
LOAD e:/gnu arm embedded toolchain/10 2021.10/bin/../lib/gcc/arm-none-eabi/10.3.1/../../../../arm-none-eabi/lib/thumb/v7-m/nofp\libm.a
LOAD e:/gnu arm embedded toolchain/10 2021.10/bin/../lib/gcc/arm-none-eabi/10.3.1/thumb/v7-m/nofp\libgcc.a

.debug_info     0x00000000     0xf42e
 .debug_info    0x00000000      0x802 build/main.o
 .debug_info    0x00000802      0x728 build/stm32f1xx_it.o
 .debug_info    0x00000f2a      0x23f build/stm32f1xx_hal_msp.o
 .debug_info    0x00001169      0x855 build/stm32f1xx_hal.o
 .debug_info    0x000019be      0xaec build/stm32f1xx_hal_rcc.o
 .debug_info    0x000024aa      0x479 build/stm32f1xx_hal_rcc_ex.o
 .debug_info    0x00002923      0x6d7 build/stm32f1xx_hal_gpio.o
 .debug_info    0x00002ffa      0xe2d build/stm32f1xx_hal_cortex.o
 .debug_info    0x00003e27      0x26e build/system_stm32f1xx.o
 .debug_info    0x00004095      0x741 build/usb_device.o
 .debug_info    0x000047d6      0x62f build/usbd_desc.o
 .debug_info    0x00004e05      0x9a3 build/usbd_cdc_if.o
 .debug_info    0x000057a8     0x1d75 build/usbd_conf.o
 .debug_info    0x0000751d     0x1c82 build/stm32f1xx_hal_pcd.o
 .debug_info    0x0000919f      0x7c7 build/stm32f1xx_hal_pcd_ex.o
 .debug_info    0x00009966     0x1d8c build/stm32f1xx_ll_usb.o
 .debug_info    0x0000b6f2      0xe5f build/usbd_core.o
 .debug_info    0x0000c551     0x1135 build/usbd_ctlreq.o
 .debug_info    0x0000d686      0x883 build/usbd_ioreq.o
 .debug_info    0x0000df09     0x1503 build/usbd_cdc.o
 .debug_info    0x0000f40c       0x22 build/startup_stm32f103xb.o

.debug_abbrev   0x00000000     0x2b6c
 .debug_abbrev  0x00000000      0x24a build/main.o
 .debug_abbrev  0x0000024a      0x168 build/stm32f1xx_it.o
 .debug_abbrev  0x000003b2       0xe7 build/stm32f1xx_hal_msp.o
 .debug_abbrev  0x00000499      0x1f7 build/stm32f1xx_hal.o
 .debug_abbrev  0x00000690      0x29a build/stm32f1xx_hal_rcc.o
 .debug_abbrev  0x0000092a      0x1d5 build/stm32f1xx_hal_rcc_ex.o
 .debug_abbrev  0x00000aff      0x222 build/stm32f1xx_hal_gpio.o
 .debug_abbrev  0x00000d21      0x359 build/stm32f1xx_hal_cortex.o
 .debug_abbrev  0x0000107a      0x140 build/system_stm32f1xx.o
 .debug_abbrev  0x000011ba      0x181 build/usb_device.o
 .debug_abbrev  0x0000133b      0x21f build/usbd_desc.o
 .debug_abbrev  0x0000155a      0x282 build/usbd_cdc_if.o
 .debug_abbrev  0x000017dc      0x2f6 build/usbd_conf.o
 .debug_abbrev  0x00001ad2      0x2ea build/stm32f1xx_hal_pcd.o
 .debug_abbrev  0x00001dbc      0x184 build/stm32f1xx_hal_pcd_ex.o
 .debug_abbrev  0x00001f40      0x25b build/stm32f1xx_ll_usb.o
 .debug_abbrev  0x0000219b      0x27a build/usbd_core.o
 .debug_abbrev  0x00002415      0x2cd build/usbd_ctlreq.o
 .debug_abbrev  0x000026e2      0x16f build/usbd_ioreq.o
 .debug_abbrev  0x00002851      0x309 build/usbd_cdc.o
 .debug_abbrev  0x00002b5a       0x12 build/startup_stm32f103xb.o

.debug_loc      0x00000000     0x9797
 .debug_loc     0x00000000      0x1b5 build/main.o
 .debug_loc     0x000001b5       0x40 build/stm32f1xx_it.o
 .debug_loc     0x000001f5       0x41 build/stm32f1xx_hal_msp.o
 .debug_loc     0x00000236      0x1e1 build/stm32f1xx_hal.o
 .debug_loc     0x00000417      0x7ee build/stm32f1xx_hal_rcc.o
 .debug_loc     0x00000c05      0x444 build/stm32f1xx_hal_rcc_ex.o
 .debug_loc     0x00001049      0x551 build/stm32f1xx_hal_gpio.o
 .debug_loc     0x0000159a      0x77f build/stm32f1xx_hal_cortex.o
 .debug_loc     0x00001d19       0xff build/system_stm32f1xx.o
 .debug_loc     0x00001e18       0x20 build/usb_device.o
 .debug_loc     0x00001e38      0x47b build/usbd_desc.o
 .debug_loc     0x000022b3      0x1ba build/usbd_cdc_if.o
 .debug_loc     0x0000246d      0xead build/usbd_conf.o
 .debug_loc     0x0000331a     0x17ab build/stm32f1xx_hal_pcd.o
 .debug_loc     0x00004ac5      0x11a build/stm32f1xx_hal_pcd_ex.o
 .debug_loc     0x00004bdf     0x1d1e build/stm32f1xx_ll_usb.o
 .debug_loc     0x000068fd      0xaf6 build/usbd_core.o
 .debug_loc     0x000073f3     0x1631 build/usbd_ctlreq.o
 .debug_loc     0x00008a24      0x364 build/usbd_ioreq.o
 .debug_loc     0x00008d88      0xa0f build/usbd_cdc.o

.debug_aranges  0x00000000      0x9f8
 .debug_aranges
                0x00000000       0x40 build/main.o
 .debug_aranges
                0x00000040       0x68 build/stm32f1xx_it.o
 .debug_aranges
                0x000000a8       0x20 build/stm32f1xx_hal_msp.o
 .debug_aranges
                0x000000c8       0xe0 build/stm32f1xx_hal.o
 .debug_aranges
                0x000001a8       0x90 build/stm32f1xx_hal_rcc.o
 .debug_aranges
                0x00000238       0x30 build/stm32f1xx_hal_rcc_ex.o
 .debug_aranges
                0x00000268       0x58 build/stm32f1xx_hal_gpio.o
 .debug_aranges
                0x000002c0       0x90 build/stm32f1xx_hal_cortex.o
 .debug_aranges
                0x00000350       0x28 build/system_stm32f1xx.o
 .debug_aranges
                0x00000378       0x20 build/usb_device.o
 .debug_aranges
                0x00000398       0x60 build/usbd_desc.o
 .debug_aranges
                0x000003f8       0x40 build/usbd_cdc_if.o
 .debug_aranges
                0x00000438      0x118 build/usbd_conf.o
 .debug_aranges
                0x00000550      0x138 build/stm32f1xx_hal_pcd.o
 .debug_aranges
                0x00000688       0x38 build/stm32f1xx_hal_pcd_ex.o
 .debug_aranges
                0x000006c0       0xf0 build/stm32f1xx_ll_usb.o
 .debug_aranges
                0x000007b0       0xb8 build/usbd_core.o
 .debug_aranges
                0x00000868       0x88 build/usbd_ctlreq.o
 .debug_aranges
                0x000008f0       0x50 build/usbd_ioreq.o
 .debug_aranges
                0x00000940       0x90 build/usbd_cdc.o
 .debug_aranges
                0x000009d0       0x28 build/startup_stm32f103xb.o

.debug_ranges   0x00000000      0xce8
 .debug_ranges  0x00000000       0x30 build/main.o
 .debug_ranges  0x00000030       0x58 build/stm32f1xx_it.o
 .debug_ranges  0x00000088       0x10 build/stm32f1xx_hal_msp.o
 .debug_ranges  0x00000098       0xd0 build/stm32f1xx_hal.o
 .debug_ranges  0x00000168       0xa0 build/stm32f1xx_hal_rcc.o
 .debug_ranges  0x00000208       0x38 build/stm32f1xx_hal_rcc_ex.o
 .debug_ranges  0x00000240       0x48 build/stm32f1xx_hal_gpio.o
 .debug_ranges  0x00000288       0xe0 build/stm32f1xx_hal_cortex.o
 .debug_ranges  0x00000368       0x18 build/system_stm32f1xx.o
 .debug_ranges  0x00000380       0x10 build/usb_device.o
 .debug_ranges  0x00000390       0x50 build/usbd_desc.o
 .debug_ranges  0x000003e0       0x30 build/usbd_cdc_if.o
 .debug_ranges  0x00000410      0x108 build/usbd_conf.o
 .debug_ranges  0x00000518      0x208 build/stm32f1xx_hal_pcd.o
 .debug_ranges  0x00000720       0x28 build/stm32f1xx_hal_pcd_ex.o
 .debug_ranges  0x00000748      0x3a0 build/stm32f1xx_ll_usb.o
 .debug_ranges  0x00000ae8       0xa8 build/usbd_core.o
 .debug_ranges  0x00000b90       0x78 build/usbd_ctlreq.o
 .debug_ranges  0x00000c08       0x40 build/usbd_ioreq.o
 .debug_ranges  0x00000c48       0x80 build/usbd_cdc.o
 .debug_ranges  0x00000cc8       0x20 build/startup_stm32f103xb.o

.debug_line     0x00000000     0x8c48
 .debug_line    0x00000000      0x3c8 build/main.o
 .debug_line    0x000003c8      0x2ba build/stm32f1xx_it.o
 .debug_line    0x00000682      0x14d build/stm32f1xx_hal_msp.o
 .debug_line    0x000007cf      0x4fe build/stm32f1xx_hal.o
 .debug_line    0x00000ccd      0xbfc build/stm32f1xx_hal_rcc.o
 .debug_line    0x000018c9      0x46e build/stm32f1xx_hal_rcc_ex.o
 .debug_line    0x00001d37      0x5b3 build/stm32f1xx_hal_gpio.o
 .debug_line    0x000022ea      0x609 build/stm32f1xx_hal_cortex.o
 .debug_line    0x000028f3      0x216 build/system_stm32f1xx.o
 .debug_line    0x00002b09      0x1f9 build/usb_device.o
 .debug_line    0x00002d02      0x349 build/usbd_desc.o
 .debug_line    0x0000304b      0x2c6 build/usbd_cdc_if.o
 .debug_line    0x00003311      0x785 build/usbd_conf.o
 .debug_line    0x00003a96     0x188d build/stm32f1xx_hal_pcd.o
 .debug_line    0x00005323      0x263 build/stm32f1xx_hal_pcd_ex.o
 .debug_line    0x00005586     0x1a6c build/stm32f1xx_ll_usb.o
 .debug_line    0x00006ff2      0x6fd build/usbd_core.o
 .debug_line    0x000076ef      0xae5 build/usbd_ctlreq.o
 .debug_line    0x000081d4      0x274 build/usbd_ioreq.o
 .debug_line    0x00008448      0x78b build/usbd_cdc.o
 .debug_line    0x00008bd3       0x75 build/startup_stm32f103xb.o

.debug_str      0x00000000     0x2c0a
 .debug_str     0x00000000      0x4cb build/main.o
                                0x541 (size before relaxing)
 .debug_str     0x000004cb      0x41d build/stm32f1xx_it.o
                                0x5e2 (size before relaxing)
 .debug_str     0x000008e8       0x4d build/stm32f1xx_hal_msp.o
                                0x220 (size before relaxing)
 .debug_str     0x00000935      0x5fb build/stm32f1xx_hal.o
                                0x820 (size before relaxing)
 .debug_str     0x00000f30      0x20d build/stm32f1xx_hal_rcc.o
                                0x627 (size before relaxing)
 .debug_str     0x0000113d       0x9c build/stm32f1xx_hal_rcc_ex.o
                                0x3cf (size before relaxing)
 .debug_str     0x000011d9      0x114 build/stm32f1xx_hal_gpio.o
                                0x3fc (size before relaxing)
 .debug_str     0x000012ed      0x39a build/stm32f1xx_hal_cortex.o
                                0x8cf (size before relaxing)
 .debug_str     0x00001687       0x4f build/system_stm32f1xx.o
                                0x250 (size before relaxing)
 .debug_str     0x000016d6      0x3d4 build/usb_device.o
                                0x642 (size before relaxing)
 .debug_str     0x00001aaa      0x181 build/usbd_desc.o
                                0x44d (size before relaxing)
 .debug_str     0x00001c2b      0x12c build/usbd_cdc_if.o
                                0x710 (size before relaxing)
 .debug_str     0x00001d57      0x4f6 build/usbd_conf.o
                               0x1198 (size before relaxing)
 .debug_str     0x0000224d      0x2fb build/stm32f1xx_hal_pcd.o
                                0xaca (size before relaxing)
 .debug_str     0x00002548      0x159 build/stm32f1xx_hal_pcd_ex.o
                                0x6c4 (size before relaxing)
 .debug_str     0x000026a1      0x136 build/stm32f1xx_ll_usb.o
                                0x6f7 (size before relaxing)
 .debug_str     0x000027d7      0x13e build/usbd_core.o
                                0x82d (size before relaxing)
 .debug_str     0x00002915       0xe2 build/usbd_ctlreq.o
                                0x747 (size before relaxing)
 .debug_str     0x000029f7       0x60 build/usbd_ioreq.o
                                0x674 (size before relaxing)
 .debug_str     0x00002a57      0x18f build/usbd_cdc.o
                                0xc02 (size before relaxing)
 .debug_str     0x00002be6       0x24 build/startup_stm32f103xb.o
                                 0x6f (size before relaxing)

.comment        0x00000000       0x49
 .comment       0x00000000       0x49 build/main.o
                                 0x4a (size before relaxing)
 .comment       0x00000049       0x4a build/stm32f1xx_it.o
 .comment       0x00000049       0x4a build/stm32f1xx_hal_msp.o
 .comment       0x00000049       0x4a build/stm32f1xx_hal.o
 .comment       0x00000049       0x4a build/stm32f1xx_hal_rcc.o
 .comment       0x00000049       0x4a build/stm32f1xx_hal_rcc_ex.o
 .comment       0x00000049       0x4a build/stm32f1xx_hal_gpio.o
 .comment       0x00000049       0x4a build/stm32f1xx_hal_cortex.o
 .comment       0x00000049       0x4a build/system_stm32f1xx.o
 .comment       0x00000049       0x4a build/usb_device.o
 .comment       0x00000049       0x4a build/usbd_desc.o
 .comment       0x00000049       0x4a build/usbd_cdc_if.o
 .comment       0x00000049       0x4a build/usbd_conf.o
 .comment       0x00000049       0x4a build/stm32f1xx_hal_pcd.o
 .comment       0x00000049       0x4a build/stm32f1xx_hal_pcd_ex.o
 .comment       0x00000049       0x4a build/stm32f1xx_ll_usb.o
 .comment       0x00000049       0x4a build/usbd_core.o
 .comment       0x00000049       0x4a build/usbd_ctlreq.o
 .comment       0x00000049       0x4a build/usbd_ioreq.o
 .comment       0x00000049       0x4a build/usbd_cdc.o

.debug_frame    0x00000000     0x28a8
 .debug_frame   0x00000000       0x90 build/main.o
 .debug_frame   0x00000090       0xc0 build/stm32f1xx_it.o
 .debug_frame   0x00000150       0x28 build/stm32f1xx_hal_msp.o
 .debug_frame   0x00000178      0x1cc build/stm32f1xx_hal.o
 .debug_frame   0x00000344      0x190 build/stm32f1xx_hal_rcc.o
 .debug_frame   0x000004d4       0x64 build/stm32f1xx_hal_rcc_ex.o
 .debug_frame   0x00000538       0xe4 build/stm32f1xx_hal_gpio.o
 .debug_frame   0x0000061c      0x118 build/stm32f1xx_hal_cortex.o
 .debug_frame   0x00000734       0x30 build/system_stm32f1xx.o
 .debug_frame   0x00000764       0x28 build/usb_device.o
 .debug_frame   0x0000078c       0xe0 build/usbd_desc.o
 .debug_frame   0x0000086c       0x78 build/usbd_cdc_if.o
 .debug_frame   0x000008e4      0x2ec build/usbd_conf.o
 .debug_frame   0x00000bd0      0x344 build/stm32f1xx_hal_pcd.o
 .debug_frame   0x00000f14       0x50 build/stm32f1xx_hal_pcd_ex.o
 .debug_frame   0x00000f64      0x1fc build/stm32f1xx_ll_usb.o
 .debug_frame   0x00001160      0x1c4 build/usbd_core.o
 .debug_frame   0x00001324      0x178 build/usbd_ctlreq.o
 .debug_frame   0x0000149c       0xb8 build/usbd_ioreq.o
 .debug_frame   0x00001554      0x160 build/usbd_cdc.o
 .debug_frame   0x000016b4       0x20 e:/gnu arm embedded toolchain/10 2021.10/bin/../lib/gcc/arm-none-eabi/10.3.1/../../../../arm-none-eabi/lib/thumb/v7-m/nofp\libc_nano.a(lib_a-errno.o)